display.c:5:6:display_on	16	static
display.c:18:6:display_d1	16	static
display.c:23:6:display_d2	16	static
display.c:28:6:display_d3	16	static
display.c:33:6:display_d4	16	static
display.c:38:6:display_d5	16	static
display.c:43:6:display_a	16	static
display.c:48:6:display_b	16	static
display.c:53:6:display_c	16	static
display.c:58:6:display_d	16	static
display.c:63:6:display_e	16	static
display.c:68:6:display_f	16	static
display.c:73:6:display_g	16	static
display.c:78:6:display_dp	16	static
display.c:83:6:display_number	16	static
display.c:272:6:display	32	static
display.c:334:6:display_show_off	8	static
display.c:389:6:display_show_bluetooth	8	static
