main.c:95:5:calculateFMFrequencyControlCounterPeriod	32	static
main.c:115:5:calculateFMFrequencyControlCounterPrescaler	24	static
main.c:132:6:stopFrequencyControl	8	static
main.c:137:6:startFrequencyControl	8	static
main.c:142:6:HAL_TIM_PeriodElapsedCallback	32	static
main.c:259:6:saveFMStation	16	static
main.c:266:6:saveAMStation	8	static
main.c:271:6:setStation	32	static
main.c:289:6:setFMStation	40	static
main.c:321:6:setAMStation	32	static
main.c:334:8:getCalibrationValue	32	static
main.c:353:6:enable_5volt	16	static
main.c:364:5:main	32	static
main.c:710:6:SystemClock_Config	112	static
main.c:771:13:MX_ADC1_Init	24	static
main.c:828:13:MX_RTC_Init	8	static
main.c:864:13:MX_TIM1_Init	40	static
main.c:914:13:MX_TIM3_Init	40	static
main.c:962:13:MX_TIM6_Init	24	static
main.c:1000:13:MX_TIM7_Init	24	static
main.c:1038:13:MX_TIM14_Init	8	static
main.c:1069:13:MX_TIM15_Init	120	static
main.c:1145:13:MX_TIM16_Init	8	static
main.c:1177:13:MX_GPIO_Init	56	static
main.c:1299:6:Error_Handler	8	static,ignoring_inline_asm
