main.c:97:5:calculateFMFrequencyControlCounterPeriod	32	static
main.c:117:5:calculateFMFrequencyControlCounterPrescaler	24	static
main.c:134:6:stopFrequencyControl	8	static
main.c:139:6:startFrequencyControl	8	static
main.c:144:6:HAL_TIM_PeriodElapsedCallback	32	static
main.c:265:6:saveFMStation	16	static
main.c:272:6:saveAMStation	8	static
main.c:277:6:setStation	32	static
main.c:295:6:setFMStation	40	static
main.c:327:6:setAMStation	32	static
main.c:340:8:getCalibrationValue	32	static
main.c:359:6:enable_5volt	16	static
main.c:370:5:main	32	static
main.c:754:6:SystemClock_Config	112	static
main.c:815:13:MX_ADC1_Init	24	static
main.c:872:13:MX_RTC_Init	8	static
main.c:908:13:MX_TIM1_Init	40	static
main.c:958:13:MX_TIM3_Init	40	static
main.c:1006:13:MX_TIM6_Init	24	static
main.c:1044:13:MX_TIM7_Init	24	static
main.c:1082:13:MX_TIM14_Init	8	static
main.c:1113:13:MX_TIM15_Init	120	static
main.c:1189:13:MX_TIM16_Init	8	static
main.c:1221:13:MX_GPIO_Init	56	static
main.c:1346:6:Error_Handler	8	static,ignoring_inline_asm
