stm32g0xx_it.c:76:6:NMI_Handler	8	static
stm32g0xx_it.c:92:6:HardFault_Handler	8	static
stm32g0xx_it.c:107:6:SVC_Handler	8	static
stm32g0xx_it.c:120:6:PendSV_Handler	8	static
stm32g0xx_it.c:133:6:SysTick_Handler	8	static
stm32g0xx_it.c:154:6:TIM1_BRK_UP_TRG_COM_IRQHandler	8	static
stm32g0xx_it.c:168:6:TIM1_CC_IRQHandler	8	static
stm32g0xx_it.c:182:6:TIM3_IRQHandler	8	static
stm32g0xx_it.c:196:6:TIM6_IRQHandler	8	static
stm32g0xx_it.c:210:6:TIM7_IRQHandler	8	static
stm32g0xx_it.c:224:6:TIM14_IRQHandler	8	static
stm32g0xx_it.c:238:6:TIM15_IRQHandler	8	static
stm32g0xx_it.c:252:6:TIM16_IRQHandler	8	static
