Archive member included to satisfy reference by file (symbol)

c:/program files/stm32cubeide_1.6.1/stm32cubeide/plugins/com.st.stm32cube.ide.mcu.externaltools.gnu-tools-for-stm32.9-2020-q2-update.win32_1.5.0.202011040924/tools/bin/../lib/gcc/arm-none-eabi/9.3.1/../../../../arm-none-eabi/lib/thumb/v6-m/nofp\libc_nano.a(lib_a-errno.o)
                              Core/Src/syscalls.o (__errno)
c:/program files/stm32cubeide_1.6.1/stm32cubeide/plugins/com.st.stm32cube.ide.mcu.externaltools.gnu-tools-for-stm32.9-2020-q2-update.win32_1.5.0.202011040924/tools/bin/../lib/gcc/arm-none-eabi/9.3.1/../../../../arm-none-eabi/lib/thumb/v6-m/nofp\libc_nano.a(lib_a-exit.o)
                              c:/program files/stm32cubeide_1.6.1/stm32cubeide/plugins/com.st.stm32cube.ide.mcu.externaltools.gnu-tools-for-stm32.9-2020-q2-update.win32_1.5.0.202011040924/tools/bin/../lib/gcc/arm-none-eabi/9.3.1/../../../../arm-none-eabi/lib/thumb/v6-m/nofp/crt0.o (exit)
c:/program files/stm32cubeide_1.6.1/stm32cubeide/plugins/com.st.stm32cube.ide.mcu.externaltools.gnu-tools-for-stm32.9-2020-q2-update.win32_1.5.0.202011040924/tools/bin/../lib/gcc/arm-none-eabi/9.3.1/../../../../arm-none-eabi/lib/thumb/v6-m/nofp\libc_nano.a(lib_a-impure.o)
                              c:/program files/stm32cubeide_1.6.1/stm32cubeide/plugins/com.st.stm32cube.ide.mcu.externaltools.gnu-tools-for-stm32.9-2020-q2-update.win32_1.5.0.202011040924/tools/bin/../lib/gcc/arm-none-eabi/9.3.1/../../../../arm-none-eabi/lib/thumb/v6-m/nofp\libc_nano.a(lib_a-exit.o) (_global_impure_ptr)
c:/program files/stm32cubeide_1.6.1/stm32cubeide/plugins/com.st.stm32cube.ide.mcu.externaltools.gnu-tools-for-stm32.9-2020-q2-update.win32_1.5.0.202011040924/tools/bin/../lib/gcc/arm-none-eabi/9.3.1/../../../../arm-none-eabi/lib/thumb/v6-m/nofp\libc_nano.a(lib_a-init.o)
                              c:/program files/stm32cubeide_1.6.1/stm32cubeide/plugins/com.st.stm32cube.ide.mcu.externaltools.gnu-tools-for-stm32.9-2020-q2-update.win32_1.5.0.202011040924/tools/bin/../lib/gcc/arm-none-eabi/9.3.1/../../../../arm-none-eabi/lib/thumb/v6-m/nofp/crt0.o (__libc_init_array)
c:/program files/stm32cubeide_1.6.1/stm32cubeide/plugins/com.st.stm32cube.ide.mcu.externaltools.gnu-tools-for-stm32.9-2020-q2-update.win32_1.5.0.202011040924/tools/bin/../lib/gcc/arm-none-eabi/9.3.1/../../../../arm-none-eabi/lib/thumb/v6-m/nofp\libc_nano.a(lib_a-memset.o)
                              c:/program files/stm32cubeide_1.6.1/stm32cubeide/plugins/com.st.stm32cube.ide.mcu.externaltools.gnu-tools-for-stm32.9-2020-q2-update.win32_1.5.0.202011040924/tools/bin/../lib/gcc/arm-none-eabi/9.3.1/../../../../arm-none-eabi/lib/thumb/v6-m/nofp/crt0.o (memset)
c:/program files/stm32cubeide_1.6.1/stm32cubeide/plugins/com.st.stm32cube.ide.mcu.externaltools.gnu-tools-for-stm32.9-2020-q2-update.win32_1.5.0.202011040924/tools/bin/../lib/gcc/arm-none-eabi/9.3.1/../../../../arm-none-eabi/lib/thumb/v6-m/nofp\libm.a(lib_a-w_exp.o)
                              Core/Src/main.o (exp)
c:/program files/stm32cubeide_1.6.1/stm32cubeide/plugins/com.st.stm32cube.ide.mcu.externaltools.gnu-tools-for-stm32.9-2020-q2-update.win32_1.5.0.202011040924/tools/bin/../lib/gcc/arm-none-eabi/9.3.1/../../../../arm-none-eabi/lib/thumb/v6-m/nofp\libm.a(lib_a-e_exp.o)
                              c:/program files/stm32cubeide_1.6.1/stm32cubeide/plugins/com.st.stm32cube.ide.mcu.externaltools.gnu-tools-for-stm32.9-2020-q2-update.win32_1.5.0.202011040924/tools/bin/../lib/gcc/arm-none-eabi/9.3.1/../../../../arm-none-eabi/lib/thumb/v6-m/nofp\libm.a(lib_a-w_exp.o) (__ieee754_exp)
c:/program files/stm32cubeide_1.6.1/stm32cubeide/plugins/com.st.stm32cube.ide.mcu.externaltools.gnu-tools-for-stm32.9-2020-q2-update.win32_1.5.0.202011040924/tools/bin/../lib/gcc/arm-none-eabi/9.3.1/../../../../arm-none-eabi/lib/thumb/v6-m/nofp\libm.a(lib_a-s_finite.o)
                              c:/program files/stm32cubeide_1.6.1/stm32cubeide/plugins/com.st.stm32cube.ide.mcu.externaltools.gnu-tools-for-stm32.9-2020-q2-update.win32_1.5.0.202011040924/tools/bin/../lib/gcc/arm-none-eabi/9.3.1/../../../../arm-none-eabi/lib/thumb/v6-m/nofp\libm.a(lib_a-w_exp.o) (finite)
c:/program files/stm32cubeide_1.6.1/stm32cubeide/plugins/com.st.stm32cube.ide.mcu.externaltools.gnu-tools-for-stm32.9-2020-q2-update.win32_1.5.0.202011040924/tools/bin/../lib/gcc/arm-none-eabi/9.3.1/../../../../arm-none-eabi/lib/thumb/v6-m/nofp\libm.a(lib_a-s_lib_ver.o)
                              c:/program files/stm32cubeide_1.6.1/stm32cubeide/plugins/com.st.stm32cube.ide.mcu.externaltools.gnu-tools-for-stm32.9-2020-q2-update.win32_1.5.0.202011040924/tools/bin/../lib/gcc/arm-none-eabi/9.3.1/../../../../arm-none-eabi/lib/thumb/v6-m/nofp\libm.a(lib_a-w_exp.o) (__fdlib_version)
c:/program files/stm32cubeide_1.6.1/stm32cubeide/plugins/com.st.stm32cube.ide.mcu.externaltools.gnu-tools-for-stm32.9-2020-q2-update.win32_1.5.0.202011040924/tools/bin/../lib/gcc/arm-none-eabi/9.3.1/thumb/v6-m/nofp\libgcc.a(_udivsi3.o)
[...]
Memory Configuration

Name             Origin             Length             Attributes
RAM              0x0000000020000000 0x0000000000009000 xrw
FLASH            0x0000000008000000 0x0000000000020000 xr
*default*        0x0000000000000000 0xffffffffffffffff

Linker script and memory map

LOAD c:/program files/stm32cubeide_1.6.1/stm32cubeide/plugins/com.st.stm32cube.ide.mcu.externaltools.gnu-tools-for-stm32.9-2020-q2-update.win32_1.5.0.202011040924/tools/bin/../lib/gcc/arm-none-eabi/9.3.1/thumb/v6-m/nofp/crti.o
LOAD c:/program files/stm32cubeide_1.6.1/stm32cubeide/plugins/com.st.stm32cube.ide.mcu.externaltools.gnu-tools-for-stm32.9-2020-q2-update.win32_1.5.0.202011040924/tools/bin/../lib/gcc/arm-none-eabi/9.3.1/thumb/v6-m/nofp/crtbegin.o
LOAD c:/program files/stm32cubeide_1.6.1/stm32cubeide/plugins/com.st.stm32cube.ide.mcu.externaltools.gnu-tools-for-stm32.9-2020-q2-update.win32_1.5.0.202011040924/tools/bin/../lib/gcc/arm-none-eabi/9.3.1/../../../../arm-none-eabi/lib/thumb/v6-m/nofp/crt0.o
LOAD Core/Src/display.o
LOAD Core/Src/keydecoder.o
LOAD Core/Src/main.o
LOAD Core/Src/misc.o
LOAD Core/Src/station.o
LOAD Core/Src/stm32g0xx_hal_msp.o
LOAD Core/Src/stm32g0xx_it.o
LOAD Core/Src/syscalls.o
LOAD Core/Src/sysmem.o
LOAD Core/Src/system_stm32g0xx.o
LOAD Core/Startup/startup_stm32g070rbtx.o
LOAD Drivers/STM32G0xx_HAL_Driver/Src/stm32g0xx_hal.o
LOAD Drivers/STM32G0xx_HAL_Driver/Src/stm32g0xx_hal_adc.o
LOAD Drivers/STM32G0xx_HAL_Driver/Src/stm32g0xx_hal_adc_ex.o
LOAD Drivers/STM32G0xx_HAL_Driver/Src/stm32g0xx_hal_cortex.o
LOAD Drivers/STM32G0xx_HAL_Driver/Src/stm32g0xx_hal_dma.o
LOAD Drivers/STM32G0xx_HAL_Driver/Src/stm32g0xx_hal_dma_ex.o
LOAD Drivers/STM32G0xx_HAL_Driver/Src/stm32g0xx_hal_exti.o
LOAD Drivers/STM32G0xx_HAL_Driver/Src/stm32g0xx_hal_flash.o
LOAD Drivers/STM32G0xx_HAL_Driver/Src/stm32g0xx_hal_flash_ex.o
LOAD Drivers/STM32G0xx_HAL_Driver/Src/stm32g0xx_hal_gpio.o
LOAD Drivers/STM32G0xx_HAL_Driver/Src/stm32g0xx_hal_pwr.o
LOAD Drivers/STM32G0xx_HAL_Driver/Src/stm32g0xx_hal_pwr_ex.o
LOAD Drivers/STM32G0xx_HAL_Driver/Src/stm32g0xx_hal_rcc.o
LOAD Drivers/STM32G0xx_HAL_Driver/Src/stm32g0xx_hal_rcc_ex.o
LOAD Drivers/STM32G0xx_HAL_Driver/Src/stm32g0xx_hal_rtc.o
LOAD Drivers/STM32G0xx_HAL_Driver/Src/stm32g0xx_hal_rtc_ex.o
LOAD Drivers/STM32G0xx_HAL_Driver/Src/stm32g0xx_hal_tim.o
LOAD Drivers/STM32G0xx_HAL_Driver/Src/stm32g0xx_hal_tim_ex.o
LOAD Drivers/STM32G0xx_HAL_Driver/Src/stm32g0xx_ll_adc.o
LOAD Drivers/STM32G0xx_HAL_Driver/Src/stm32g0xx_ll_dma.o
LOAD Drivers/STM32G0xx_HAL_Driver/Src/stm32g0xx_ll_rcc.o
START GROUP
LOAD c:/program files/stm32cubeide_1.6.1/stm32cubeide/plugins/com.st.stm32cube.ide.mcu.externaltools.gnu-tools-for-stm32.9-2020-q2-update.win32_1.5.0.202011040924/tools/bin/../lib/gcc/arm-none-eabi/9.3.1/../../../../arm-none-eabi/lib/thumb/v6-m/nofp\libc_nano.a
LOAD c:/program files/stm32cubeide_1.6.1/stm32cubeide/plugins/com.st.stm32cube.ide.mcu.externaltools.gnu-tools-for-stm32.9-2020-q2-update.win32_1.5.0.202011040924/tools/bin/../lib/gcc/arm-none-eabi/9.3.1/../../../../arm-none-eabi/lib/thumb/v6-m/nofp\libm.a
END GROUP
START GROUP
LOAD c:/program files/stm32cubeide_1.6.1/stm32cubeide/plugins/com.st.stm32cube.ide.mcu.externaltools.gnu-tools-for-stm32.9-2020-q2-update.win32_1.5.0.202011040924/tools/bin/../lib/gcc/arm-none-eabi/9.3.1/thumb/v6-m/nofp\libgcc.a
LOAD c:/program files/stm32cubeide_1.6.1/stm32cubeide/plugins/com.st.stm32cube.ide.mcu.externaltools.gnu-tools-for-stm32.9-2020-q2-update.win32_1.5.0.202011040924/tools/bin/../lib/gcc/arm-none-eabi/9.3.1/../../../../arm-none-eabi/lib/thumb/v6-m/nofp\libc_nano.a
END GROUP
START GROUP
LOAD c:/program files/stm32cubeide_1.6.1/stm32cubeide/plugins/com.st.stm32cube.ide.mcu.externaltools.gnu-tools-for-stm32.9-2020-q2-update.win32_1.5.0.202011040924/tools/bin/../lib/gcc/arm-none-eabi/9.3.1/thumb/v6-m/nofp\libgcc.a
LOAD c:/program files/stm32cubeide_1.6.1/stm32cubeide/plugins/com.st.stm32cube.ide.mcu.externaltools.gnu-tools-for-stm32.9-2020-q2-update.win32_1.5.0.202011040924/tools/bin/../lib/gcc/arm-none-eabi/9.3.1/../../../../arm-none-eabi/lib/thumb/v6-m/nofp\libc_nano.a
LOAD c:/program files/stm32cubeide_1.6.1/stm32cubeide/plugins/com.st.stm32cube.ide.mcu.externaltools.gnu-tools-for-stm32.9-2020-q2-update.win32_1.5.0.202011040924/tools/bin/../lib/gcc/arm-none-eabi/9.3.1/../../../../arm-none-eabi/lib/thumb/v6-m/nofp\libnosys.a
END GROUP
START GROUP
LOAD c:/program files/stm32cubeide_1.6.1/stm32cubeide/plugins/com.st.stm32cube.ide.mcu.externaltools.gnu-tools-for-stm32.9-2020-q2-update.win32_1.5.0.202011040924/tools/bin/../lib/gcc/arm-none-eabi/9.3.1/thumb/v6-m/nofp\libgcc.a
LOAD c:/program files/stm32cubeide_1.6.1/stm32cubeide/plugins/com.st.stm32cube.ide.mcu.externaltools.gnu-tools-for-stm32.9-2020-q2-update.win32_1.5.0.202011040924/tools/bin/../lib/gcc/arm-none-eabi/9.3.1/../../../../arm-none-eabi/lib/thumb/v6-m/nofp\libc_nano.a
LOAD c:/program files/stm32cubeide_1.6.1/stm32cubeide/plugins/com.st.stm32cube.ide.mcu.externaltools.gnu-tools-for-stm32.9-2020-q2-update.win32_1.5.0.202011040924/tools/bin/../lib/gcc/arm-none-eabi/9.3.1/../../../../arm-none-eabi/lib/thumb/v6-m/nofp\libnosys.a
END GROUP
LOAD c:/program files/stm32cubeide_1.6.1/stm32cubeide/plugins/com.st.stm32cube.ide.mcu.externaltools.gnu-tools-for-stm32.9-2020-q2-update.win32_1.5.0.202011040924/tools/bin/../lib/gcc/arm-none-eabi/9.3.1/thumb/v6-m/nofp/crtend.o
LOAD c:/program files/stm32cubeide_1.6.1/stm32cubeide/plugins/com.st.stm32cube.ide.mcu.externaltools.gnu-tools-for-stm32.9-2020-q2-update.win32_1.5.0.202011040924/tools/bin/../lib/gcc/arm-none-eabi/9.3.1/thumb/v6-m/nofp/crtn.o
                0x0000000020009000                _estack = (ORIGIN (RAM) + LENGTH (RAM))
                0x0000000000000200                _Min_Heap_Size = 0x200
                0x0000000000000400                _Min_Stack_Size = 0x400

.isr_vector     0x0000000008000000       0xb8
                0x0000000008000000                . = ALIGN (0x4)
 *(.isr_vector)
 .isr_vector    0x0000000008000000       0xb8 Core/Startup/startup_stm32g070rbtx.o
                0x0000000008000000                g_pfnVectors
                0x00000000080000b8                . = ALIGN (0x4)

.text           0x00000000080000b8     0x9388
                0x00000000080000b8                . = ALIGN (0x4)
 *(.text)
 .text          0x00000000080000b8       0x48 c:/program files/stm32cubeide_1.6.1/stm32cubeide/plugins/com.st.stm32cube.ide.mcu.externaltools.gnu-tools-for-stm32.9-2020-q2-update.win32_1.5.0.202011040924/tools/bin/../lib/gcc/arm-none-eabi/9.3.1/thumb/v6-m/nofp/crtbegin.o
 .text          0x0000000008000100      0x114 c:/program files/stm32cubeide_1.6.1/stm32cubeide/plugins/com.st.stm32cube.ide.mcu.externaltools.gnu-tools-for-stm32.9-2020-q2-update.win32_1.5.0.202011040924/tools/bin/../lib/gcc/arm-none-eabi/9.3.1/thumb/v6-m/nofp\libgcc.a(_udivsi3.o)
                0x0000000008000100                __aeabi_uidiv
                0x0000000008000100                __udivsi3
                0x000000000800020c                __aeabi_uidivmod
 .text          0x0000000008000214      0x1d4 c:/program files/stm32cubeide_1.6.1/stm32cubeide/plugins/com.st.stm32cube.ide.mcu.externaltools.gnu-tools-for-stm32.9-2020-q2-update.win32_1.5.0.202011040924/tools/bin/../lib/gcc/arm-none-eabi/9.3.1/thumb/v6-m/nofp\libgcc.a(_divsi3.o)
                0x0000000008000214                __divsi3
                0x0000000008000214                __aeabi_idiv
                0x00000000080003e0                __aeabi_idivmod
 .text          0x00000000080003e8        0x4 c:/program files/stm32cubeide_1.6.1/stm32cubeide/plugins/com.st.stm32cube.ide.mcu.externaltools.gnu-tools-for-stm32.9-2020-q2-update.win32_1.5.0.202011040924/tools/bin/../lib/gcc/arm-none-eabi/9.3.1/thumb/v6-m/nofp\libgcc.a(_dvmd_tls.o)
                0x00000000080003e8                __aeabi_idiv0
                0x00000000080003e8                __aeabi_ldiv0
 .text          0x00000000080003ec       0x7c c:/program files/stm32cubeide_1.6.1/stm32cubeide/plugins/com.st.stm32cube.ide.mcu.externaltools.gnu-tools-for-stm32.9-2020-q2-update.win32_1.5.0.202011040924/tools/bin/../lib/gcc/arm-none-eabi/9.3.1/thumb/v6-m/nofp\libgcc.a(_arm_cmpdf2.o)
                0x00000000080003ec                __aeabi_cdrcmple
                0x00000000080003fc                __aeabi_cdcmple
                0x00000000080003fc                __aeabi_cdcmpeq
                0x000000000800040c                __aeabi_dcmpeq
                0x0000000008000418                __aeabi_dcmplt
                0x000000000800042c                __aeabi_dcmple
                0x0000000008000440                __aeabi_dcmpgt
                0x0000000008000454                __aeabi_dcmpge
 .text          0x0000000008000468      0x6d4 c:/program files/stm32cubeide_1.6.1/stm32cubeide/plugins/com.st.stm32cube.ide.mcu.externaltools.gnu-tools-for-stm32.9-2020-q2-update.win32_1.5.0.202011040924/tools/bin/../lib/gcc/arm-none-eabi/9.3.1/thumb/v6-m/nofp\libgcc.a(adddf3.o)
                0x0000000008000468                __aeabi_dadd
 .text          0x0000000008000b3c      0x5d0 c:/program files/stm32cubeide_1.6.1/stm32cubeide/plugins/com.st.stm32cube.ide.mcu.externaltools.gnu-tools-for-stm32.9-2020-q2-update.win32_1.5.0.202011040924/tools/bin/../lib/gcc/arm-none-eabi/9.3.1/thumb/v6-m/nofp\libgcc.a(divdf3.o)
                0x0000000008000b3c                __aeabi_ddiv
 .text          0x000000000800110c       0x78 c:/program files/stm32cubeide_1.6.1/stm32cubeide/plugins/com.st.stm32cube.ide.mcu.externaltools.gnu-tools-for-stm32.9-2020-q2-update.win32_1.5.0.202011040924/tools/bin/../lib/gcc/arm-none-eabi/9.3.1/thumb/v6-m/nofp\libgcc.a(eqdf2.o)
                0x000000000800110c                __nedf2
                0x000000000800110c                __eqdf2
 .text          0x0000000008001184       0xe4 c:/program files/stm32cubeide_1.6.1/stm32cubeide/plugins/com.st.stm32cube.ide.mcu.externaltools.gnu-tools-for-stm32.9-2020-q2-update.win32_1.5.0.202011040924/tools/bin/../lib/gcc/arm-none-eabi/9.3.1/thumb/v6-m/nofp\libgcc.a(gedf2.o)
                0x0000000008001184                __gedf2
                0x0000000008001184                __gtdf2
 .text          0x0000000008001268       0xe0 c:/program files/stm32cubeide_1.6.1/stm32cubeide/plugins/com.st.stm32cube.ide.mcu.externaltools.gnu-tools-for-stm32.9-2020-q2-update.win32_1.5.0.202011040924/tools/bin/../lib/gcc/arm-none-eabi/9.3.1/thumb/v6-m/nofp\libgcc.a(ledf2.o)
                0x0000000008001268                __ledf2
                0x0000000008001268                __ltdf2
 .text          0x0000000008001348      0x4d8 c:/program files/stm32cubeide_1.6.1/stm32cubeide/plugins/com.st.stm32cube.ide.mcu.externaltools.gnu-tools-for-stm32.9-2020-q2-update.win32_1.5.0.202011040924/tools/bin/../lib/gcc/arm-none-eabi/9.3.1/thumb/v6-m/nofp\libgcc.a(muldf3.o)
                0x0000000008001348                __aeabi_dmul
 .text          0x0000000008001820      0x724 c:/program files/stm32cubeide_1.6.1/stm32cubeide/plugins/com.st.stm32cube.ide.mcu.externaltools.gnu-tools-for-stm32.9-2020-q2-update.win32_1.5.0.202011040924/tools/bin/../lib/gcc/arm-none-eabi/9.3.1/thumb/v6-m/nofp\libgcc.a(subdf3.o)
                0x0000000008001820                __aeabi_dsub
 .text          0x0000000008001f44       0x6c c:/program files/stm32cubeide_1.6.1/stm32cubeide/plugins/com.st.stm32cube.ide.mcu.externaltools.gnu-tools-for-stm32.9-2020-q2-update.win32_1.5.0.202011040924/tools/bin/../lib/gcc/arm-none-eabi/9.3.1/thumb/v6-m/nofp\libgcc.a(fixdfsi.o)
                0x0000000008001f44                __aeabi_d2iz
 .text          0x0000000008001fb0       0x60 c:/program files/stm32cubeide_1.6.1/stm32cubeide/plugins/com.st.stm32cube.ide.mcu.externaltools.gnu-tools-for-stm32.9-2020-q2-update.win32_1.5.0.202011040924/tools/bin/../lib/gcc/arm-none-eabi/9.3.1/thumb/v6-m/nofp\libgcc.a(floatsidf.o)
                0x0000000008001fb0                __aeabi_i2d
 .text          0x0000000008002010       0x4c c:/program files/stm32cubeide_1.6.1/stm32cubeide/plugins/com.st.stm32cube.ide.mcu.externaltools.gnu-tools-for-stm32.9-2020-q2-update.win32_1.5.0.202011040924/tools/bin/../lib/gcc/arm-none-eabi/9.3.1/thumb/v6-m/nofp\libgcc.a(floatunsidf.o)
                0x0000000008002010                __aeabi_ui2d
 .text          0x000000000800205c       0x3c c:/program files/stm32cubeide_1.6.1/stm32cubeide/plugins/com.st.stm32cube.ide.mcu.externaltools.gnu-tools-for-stm32.9-2020-q2-update.win32_1.5.0.202011040924/tools/bin/../lib/gcc/arm-none-eabi/9.3.1/thumb/v6-m/nofp\libgcc.a(_clzsi2.o)
                0x000000000800205c                __clzsi2
 *(.text*)
 .text.display_on
                0x0000000008002098       0x64 Core/Src/display.o
                0x0000000008002098                display_on
 .text.display_d1
                0x00000000080020fc       0x26 Core/Src/display.o
                0x00000000080020fc                display_d1
 .text.display_d2
                0x0000000008002122       0x26 Core/Src/display.o
                0x0000000008002122                display_d2
 .text.display_d3
                0x0000000008002148       0x28 Core/Src/display.o
                0x0000000008002148                display_d3
 .text.display_d4
                0x0000000008002170       0x28 Core/Src/display.o
                0x0000000008002170                display_d4
 .text.display_d5
                0x0000000008002198       0x28 Core/Src/display.o
                0x0000000008002198                display_d5
 .text.display_a
                0x00000000080021c0       0x28 Core/Src/display.o
                0x00000000080021c0                display_a
 .text.display_b
                0x00000000080021e8       0x26 Core/Src/display.o
                0x00000000080021e8                display_b
 .text.display_c
                0x000000000800220e       0x26 Core/Src/display.o
                0x000000000800220e                display_c
 .text.display_d
                0x0000000008002234       0x28 Core/Src/display.o
                0x0000000008002234                display_d
 .text.display_e
                0x000000000800225c       0x28 Core/Src/display.o
                0x000000000800225c                display_e
 .text.display_f
                0x0000000008002284       0x28 Core/Src/display.o
                0x0000000008002284                display_f
 .text.display_g
                0x00000000080022ac       0x28 Core/Src/display.o
                0x00000000080022ac                display_g
 .text.display_dp
                0x00000000080022d4       0x26 Core/Src/display.o
                0x00000000080022d4                display_dp
 *fill*         0x00000000080022fa        0x2 
 .text.display_number
                0x00000000080022fc      0x328 Core/Src/display.o
                0x00000000080022fc                display_number
 .text.display  0x0000000008002624      0x1dc Core/Src/display.o
                0x0000000008002624                display
 .text.display_show_off
                0x0000000008002800       0xfc Core/Src/display.o
                0x0000000008002800                display_show_off
 .text.keydecoder_out
                0x00000000080028fc       0x9c Core/Src/keydecoder.o
                0x00000000080028fc                keydecoder_out
 .text.keydecoder_in
                0x0000000008002998       0x8c Core/Src/keydecoder.o
                0x0000000008002998                keydecoder_in
 .text.calculateFMFrequencyControlCounterPeriod
                0x0000000008002a24       0xf0 Core/Src/main.o
                0x0000000008002a24                calculateFMFrequencyControlCounterPeriod
 .text.calculateFMFrequencyControlCounterPrescaler
                0x0000000008002b14       0xac Core/Src/main.o
                0x0000000008002b14                calculateFMFrequencyControlCounterPrescaler
 .text.stopFrequencyControl
                0x0000000008002bc0       0x18 Core/Src/main.o
                0x0000000008002bc0                stopFrequencyControl
 .text.startFrequencyControl
                0x0000000008002bd8       0x18 Core/Src/main.o
                0x0000000008002bd8                startFrequencyControl
 .text.HAL_TIM_PeriodElapsedCallback
                0x0000000008002bf0      0x404 Core/Src/main.o
                0x0000000008002bf0                HAL_TIM_PeriodElapsedCallback
 .text.saveFMStation
                0x0000000008002ff4       0x3c Core/Src/main.o
                0x0000000008002ff4                saveFMStation
 .text.saveAMStation
                0x0000000008003030       0x2c Core/Src/main.o
                0x0000000008003030                saveAMStation
 .text.setStation
                0x000000000800305c       0xe4 Core/Src/main.o
                0x000000000800305c                setStation
 .text.setFMStation
                0x0000000008003140       0xe8 Core/Src/main.o
                0x0000000008003140                setFMStation
 .text.setAMStation
                0x0000000008003228       0x5c Core/Src/main.o
                0x0000000008003228                setAMStation
 .text.getCalibrationValue
                0x0000000008003284       0x9c Core/Src/main.o
                0x0000000008003284                getCalibrationValue
 .text.enable_5volt
                0x0000000008003320       0x28 Core/Src/main.o
                0x0000000008003320                enable_5volt
 .text.main     0x0000000008003348      0x8cc Core/Src/main.o
                0x0000000008003348                main
 .text.SystemClock_Config
                0x0000000008003c14      0x100 Core/Src/main.o
                0x0000000008003c14                SystemClock_Config
 .text.MX_ADC1_Init
                0x0000000008003d14       0xd4 Core/Src/main.o
 .text.MX_RTC_Init
                0x0000000008003de8       0x5c Core/Src/main.o
 .text.MX_TIM1_Init
                0x0000000008003e44       0xc8 Core/Src/main.o
 .text.MX_TIM3_Init
                0x0000000008003f0c       0xbc Core/Src/main.o
 .text.MX_TIM6_Init
                0x0000000008003fc8       0x78 Core/Src/main.o
 .text.MX_TIM7_Init
                0x0000000008004040       0x74 Core/Src/main.o
 .text.MX_TIM14_Init
                0x00000000080040b4       0x4c Core/Src/main.o
 .text.MX_TIM15_Init
                0x0000000008004100      0x170 Core/Src/main.o
 .text.MX_TIM16_Init
                0x0000000008004270       0x50 Core/Src/main.o
 .text.MX_GPIO_Init
                0x00000000080042c0      0x278 Core/Src/main.o
 .text.Error_Handler
                0x0000000008004538        0xa Core/Src/main.o
                0x0000000008004538                Error_Handler
 *fill*         0x0000000008004542        0x2 
 .text.misc_get_revision
                0x0000000008004544       0x20 Core/Src/misc.o
                0x0000000008004544                misc_get_revision
 .text.misc_is_standby
                0x0000000008004564       0x74 Core/Src/misc.o
                0x0000000008004564                misc_is_standby
 .text.misc_is_manual
                0x00000000080045d8       0x20 Core/Src/misc.o
                0x00000000080045d8                misc_is_manual
 .text.misc_mute
                0x00000000080045f8       0xc0 Core/Src/misc.o
                0x00000000080045f8                misc_mute
 .text.misc_get_mode
                0x00000000080046b8       0x40 Core/Src/misc.o
                0x00000000080046b8                misc_get_mode
 .text.station_fm_get
                0x00000000080046f8       0xa0 Core/Src/station.o
                0x00000000080046f8                station_fm_get
 .text.station_fm_set
                0x0000000008004798      0x220 Core/Src/station.o
                0x0000000008004798                station_fm_set
 .text.station_am_get
                0x00000000080049b8       0xa0 Core/Src/station.o
                0x00000000080049b8                station_am_get
 .text.station_am_set
                0x0000000008004a58      0x220 Core/Src/station.o
                0x0000000008004a58                station_am_set
 .text.station_led
                0x0000000008004c78       0xb4 Core/Src/station.o
                0x0000000008004c78                station_led
 .text.HAL_MspInit
                0x0000000008004d2c       0x50 Core/Src/stm32g0xx_hal_msp.o
                0x0000000008004d2c                HAL_MspInit
 .text.HAL_ADC_MspInit
                0x0000000008004d7c       0x88 Core/Src/stm32g0xx_hal_msp.o
                0x0000000008004d7c                HAL_ADC_MspInit
 .text.HAL_RTC_MspInit
                0x0000000008004e04       0x4c Core/Src/stm32g0xx_hal_msp.o
                0x0000000008004e04                HAL_RTC_MspInit
 .text.HAL_TIM_Base_MspInit
                0x0000000008004e50      0x25c Core/Src/stm32g0xx_hal_msp.o
                0x0000000008004e50                HAL_TIM_Base_MspInit
 .text.HAL_TIM_MspPostInit
                0x00000000080050ac       0x7c Core/Src/stm32g0xx_hal_msp.o
                0x00000000080050ac                HAL_TIM_MspPostInit
 .text.NMI_Handler
                0x0000000008005128        0xa Core/Src/stm32g0xx_it.o
                0x0000000008005128                NMI_Handler
 .text.HardFault_Handler
                0x0000000008005132        0x6 Core/Src/stm32g0xx_it.o
                0x0000000008005132                HardFault_Handler
 .text.SVC_Handler
                0x0000000008005138        0xa Core/Src/stm32g0xx_it.o
                0x0000000008005138                SVC_Handler
 .text.PendSV_Handler
                0x0000000008005142        0xa Core/Src/stm32g0xx_it.o
                0x0000000008005142                PendSV_Handler
 .text.SysTick_Handler
                0x000000000800514c        0xe Core/Src/stm32g0xx_it.o
                0x000000000800514c                SysTick_Handler
 *fill*         0x000000000800515a        0x2 
 .text.TIM1_BRK_UP_TRG_COM_IRQHandler
                0x000000000800515c       0x18 Core/Src/stm32g0xx_it.o
                0x000000000800515c                TIM1_BRK_UP_TRG_COM_IRQHandler
 .text.TIM1_CC_IRQHandler
                0x0000000008005174       0x18 Core/Src/stm32g0xx_it.o
                0x0000000008005174                TIM1_CC_IRQHandler
 .text.TIM3_IRQHandler
                0x000000000800518c       0x18 Core/Src/stm32g0xx_it.o
                0x000000000800518c                TIM3_IRQHandler
 .text.TIM6_IRQHandler
                0x00000000080051a4       0x18 Core/Src/stm32g0xx_it.o
                0x00000000080051a4                TIM6_IRQHandler
 .text.TIM7_IRQHandler
                0x00000000080051bc       0x18 Core/Src/stm32g0xx_it.o
                0x00000000080051bc                TIM7_IRQHandler
 .text.TIM14_IRQHandler
                0x00000000080051d4       0x18 Core/Src/stm32g0xx_it.o
                0x00000000080051d4                TIM14_IRQHandler
 .text.TIM15_IRQHandler
                0x00000000080051ec       0x18 Core/Src/stm32g0xx_it.o
                0x00000000080051ec                TIM15_IRQHandler
 .text.TIM16_IRQHandler
                0x0000000008005204       0x18 Core/Src/stm32g0xx_it.o
                0x0000000008005204                TIM16_IRQHandler
 .text.SystemInit
                0x000000000800521c       0x18 Core/Src/system_stm32g0xx.o
                0x000000000800521c                SystemInit
 .text.Reset_Handler
                0x0000000008005234       0x50 Core/Startup/startup_stm32g070rbtx.o
                0x0000000008005234                Reset_Handler
 .text.Default_Handler
                0x0000000008005284        0x2 Core/Startup/startup_stm32g070rbtx.o
                0x0000000008005284                I2C1_IRQHandler
                0x0000000008005284                RTC_TAMP_IRQHandler
                0x0000000008005284                SPI1_IRQHandler
                0x0000000008005284                USART3_4_IRQHandler
                0x0000000008005284                EXTI2_3_IRQHandler
                0x0000000008005284                ADC1_IRQHandler
                0x0000000008005284                I2C2_IRQHandler
                0x0000000008005284                TIM17_IRQHandler
                0x0000000008005284                EXTI4_15_IRQHandler
                0x0000000008005284                RCC_IRQHandler
                0x0000000008005284                DMA1_Channel1_IRQHandler
                0x0000000008005284                Default_Handler
                0x0000000008005284                EXTI0_1_IRQHandler
                0x0000000008005284                SPI2_IRQHandler
                0x0000000008005284                WWDG_IRQHandler
                0x0000000008005284                DMA1_Ch4_7_DMAMUX1_OVR_IRQHandler
                0x0000000008005284                DMA1_Channel2_3_IRQHandler
                0x0000000008005284                USART2_IRQHandler
                0x0000000008005284                FLASH_IRQHandler
                0x0000000008005284                USART1_IRQHandler
 *fill*         0x0000000008005286        0x2 
 .text.HAL_Init
                0x0000000008005288       0x40 Drivers/STM32G0xx_HAL_Driver/Src/stm32g0xx_hal.o
                0x0000000008005288                HAL_Init
 .text.HAL_InitTick
                0x00000000080052c8       0x94 Drivers/STM32G0xx_HAL_Driver/Src/stm32g0xx_hal.o
                0x00000000080052c8                HAL_InitTick
 .text.HAL_IncTick
                0x000000000800535c       0x24 Drivers/STM32G0xx_HAL_Driver/Src/stm32g0xx_hal.o
                0x000000000800535c                HAL_IncTick
 .text.HAL_GetTick
                0x0000000008005380       0x14 Drivers/STM32G0xx_HAL_Driver/Src/stm32g0xx_hal.o
                0x0000000008005380                HAL_GetTick
 .text.HAL_Delay
                0x0000000008005394       0x48 Drivers/STM32G0xx_HAL_Driver/Src/stm32g0xx_hal.o
                0x0000000008005394                HAL_Delay
 .text.HAL_SYSCFG_StrobeDBattpinsConfig
                0x00000000080053dc       0x2c Drivers/STM32G0xx_HAL_Driver/Src/stm32g0xx_hal.o
                0x00000000080053dc                HAL_SYSCFG_StrobeDBattpinsConfig
 .text.LL_ADC_SetCommonPathInternalCh
                0x0000000008005408       0x28 Drivers/STM32G0xx_HAL_Driver/Src/stm32g0xx_hal_adc.o
 .text.LL_ADC_GetCommonPathInternalCh
                0x0000000008005430       0x1a Drivers/STM32G0xx_HAL_Driver/Src/stm32g0xx_hal_adc.o
 .text.LL_ADC_SetSamplingTimeCommonChannels
                0x000000000800544a       0x3a Drivers/STM32G0xx_HAL_Driver/Src/stm32g0xx_hal_adc.o
 .text.LL_ADC_REG_IsTriggerSourceSWStart
                0x0000000008005484       0x22 Drivers/STM32G0xx_HAL_Driver/Src/stm32g0xx_hal_adc.o
 .text.LL_ADC_REG_SetSequencerRanks
                0x00000000080054a6       0x40 Drivers/STM32G0xx_HAL_Driver/Src/stm32g0xx_hal_adc.o
 .text.LL_ADC_REG_SetSequencerChAdd
                0x00000000080054e6       0x22 Drivers/STM32G0xx_HAL_Driver/Src/stm32g0xx_hal_adc.o
 .text.LL_ADC_REG_SetSequencerChRem
                0x0000000008005508       0x24 Drivers/STM32G0xx_HAL_Driver/Src/stm32g0xx_hal_adc.o
 .text.LL_ADC_SetChannelSamplingTime
                0x000000000800552c       0x38 Drivers/STM32G0xx_HAL_Driver/Src/stm32g0xx_hal_adc.o
 .text.LL_ADC_EnableInternalRegulator
                0x0000000008005564       0x28 Drivers/STM32G0xx_HAL_Driver/Src/stm32g0xx_hal_adc.o
 .text.LL_ADC_IsInternalRegulatorEnabled
                0x000000000800558c       0x28 Drivers/STM32G0xx_HAL_Driver/Src/stm32g0xx_hal_adc.o
 .text.LL_ADC_Enable
                0x00000000080055b4       0x24 Drivers/STM32G0xx_HAL_Driver/Src/stm32g0xx_hal_adc.o
 .text.LL_ADC_IsEnabled
                0x00000000080055d8       0x22 Drivers/STM32G0xx_HAL_Driver/Src/stm32g0xx_hal_adc.o
 *fill*         0x00000000080055fa        0x2 
 .text.LL_ADC_REG_StartConversion
                0x00000000080055fc       0x24 Drivers/STM32G0xx_HAL_Driver/Src/stm32g0xx_hal_adc.o
 .text.LL_ADC_REG_IsConversionOngoing
                0x0000000008005620       0x22 Drivers/STM32G0xx_HAL_Driver/Src/stm32g0xx_hal_adc.o
 *fill*         0x0000000008005642        0x2 
 .text.HAL_ADC_Init
                0x0000000008005644      0x3b0 Drivers/STM32G0xx_HAL_Driver/Src/stm32g0xx_hal_adc.o
                0x0000000008005644                HAL_ADC_Init
 .text.HAL_ADC_Start
                0x00000000080059f4       0x9c Drivers/STM32G0xx_HAL_Driver/Src/stm32g0xx_hal_adc.o
                0x00000000080059f4                HAL_ADC_Start
 .text.HAL_ADC_PollForConversion
                0x0000000008005a90      0x11c Drivers/STM32G0xx_HAL_Driver/Src/stm32g0xx_hal_adc.o
                0x0000000008005a90                HAL_ADC_PollForConversion
 .text.HAL_ADC_GetValue
                0x0000000008005bac       0x16 Drivers/STM32G0xx_HAL_Driver/Src/stm32g0xx_hal_adc.o
                0x0000000008005bac                HAL_ADC_GetValue
 *fill*         0x0000000008005bc2        0x2 
 .text.HAL_ADC_ConfigChannel
                0x0000000008005bc4      0x3b4 Drivers/STM32G0xx_HAL_Driver/Src/stm32g0xx_hal_adc.o
                0x0000000008005bc4                HAL_ADC_ConfigChannel
 .text.ADC_Enable
                0x0000000008005f78       0xfc Drivers/STM32G0xx_HAL_Driver/Src/stm32g0xx_hal_adc.o
                0x0000000008005f78                ADC_Enable
 .text.__NVIC_EnableIRQ
                0x0000000008006074       0x34 Drivers/STM32G0xx_HAL_Driver/Src/stm32g0xx_hal_cortex.o
 .text.__NVIC_SetPriority
                0x00000000080060a8       0xdc Drivers/STM32G0xx_HAL_Driver/Src/stm32g0xx_hal_cortex.o
 .text.SysTick_Config
                0x0000000008006184       0x48 Drivers/STM32G0xx_HAL_Driver/Src/stm32g0xx_hal_cortex.o
 .text.HAL_NVIC_SetPriority
                0x00000000080061cc       0x2a Drivers/STM32G0xx_HAL_Driver/Src/stm32g0xx_hal_cortex.o
                0x00000000080061cc                HAL_NVIC_SetPriority
 .text.HAL_NVIC_EnableIRQ
                0x00000000080061f6       0x20 Drivers/STM32G0xx_HAL_Driver/Src/stm32g0xx_hal_cortex.o
                0x00000000080061f6                HAL_NVIC_EnableIRQ
 .text.HAL_SYSTICK_Config
                0x0000000008006216       0x1a Drivers/STM32G0xx_HAL_Driver/Src/stm32g0xx_hal_cortex.o
                0x0000000008006216                HAL_SYSTICK_Config
 .text.HAL_FLASH_Program
                0x0000000008006230       0x9c Drivers/STM32G0xx_HAL_Driver/Src/stm32g0xx_hal_flash.o
                0x0000000008006230                HAL_FLASH_Program
 .text.HAL_FLASH_Unlock
                0x00000000080062cc       0x48 Drivers/STM32G0xx_HAL_Driver/Src/stm32g0xx_hal_flash.o
                0x00000000080062cc                HAL_FLASH_Unlock
 .text.HAL_FLASH_Lock
                0x0000000008006314       0x38 Drivers/STM32G0xx_HAL_Driver/Src/stm32g0xx_hal_flash.o
                0x0000000008006314                HAL_FLASH_Lock
 .text.FLASH_WaitForLastOperation
                0x000000000800634c       0x9c Drivers/STM32G0xx_HAL_Driver/Src/stm32g0xx_hal_flash.o
                0x000000000800634c                FLASH_WaitForLastOperation
 .text.FLASH_Program_DoubleWord
                0x00000000080063e8       0x40 Drivers/STM32G0xx_HAL_Driver/Src/stm32g0xx_hal_flash.o
 .text.HAL_FLASHEx_Erase
                0x0000000008006428       0xe8 Drivers/STM32G0xx_HAL_Driver/Src/stm32g0xx_hal_flash_ex.o
                0x0000000008006428                HAL_FLASHEx_Erase
 .text.FLASH_MassErase
                0x0000000008006510       0x28 Drivers/STM32G0xx_HAL_Driver/Src/stm32g0xx_hal_flash_ex.o
 .text.FLASH_PageErase
                0x0000000008006538       0x38 Drivers/STM32G0xx_HAL_Driver/Src/stm32g0xx_hal_flash_ex.o
                0x0000000008006538                FLASH_PageErase
 .text.HAL_GPIO_Init
                0x0000000008006570      0x2c8 Drivers/STM32G0xx_HAL_Driver/Src/stm32g0xx_hal_gpio.o
                0x0000000008006570                HAL_GPIO_Init
 .text.HAL_GPIO_ReadPin
                0x0000000008006838       0x3a Drivers/STM32G0xx_HAL_Driver/Src/stm32g0xx_hal_gpio.o
                0x0000000008006838                HAL_GPIO_ReadPin
 .text.HAL_GPIO_WritePin
                0x0000000008006872       0x3a Drivers/STM32G0xx_HAL_Driver/Src/stm32g0xx_hal_gpio.o
                0x0000000008006872                HAL_GPIO_WritePin
 .text.HAL_PWR_EnableBkUpAccess
                0x00000000080068ac       0x1c Drivers/STM32G0xx_HAL_Driver/Src/stm32g0xx_hal_pwr.o
                0x00000000080068ac                HAL_PWR_EnableBkUpAccess
 .text.HAL_PWREx_ControlVoltageScaling
                0x00000000080068c8       0x80 Drivers/STM32G0xx_HAL_Driver/Src/stm32g0xx_hal_pwr_ex.o
                0x00000000080068c8                HAL_PWREx_ControlVoltageScaling
 .text.HAL_RCC_OscConfig
                0x0000000008006948      0x62c Drivers/STM32G0xx_HAL_Driver/Src/stm32g0xx_hal_rcc.o
                0x0000000008006948                HAL_RCC_OscConfig
 .text.HAL_RCC_ClockConfig
                0x0000000008006f74      0x210 Drivers/STM32G0xx_HAL_Driver/Src/stm32g0xx_hal_rcc.o
                0x0000000008006f74                HAL_RCC_ClockConfig
 .text.HAL_RCC_GetSysClockFreq
                0x0000000008007184      0x100 Drivers/STM32G0xx_HAL_Driver/Src/stm32g0xx_hal_rcc.o
                0x0000000008007184                HAL_RCC_GetSysClockFreq
 .text.HAL_RCC_EnableCSS
                0x0000000008007284       0x1c Drivers/STM32G0xx_HAL_Driver/Src/stm32g0xx_hal_rcc.o
                0x0000000008007284                HAL_RCC_EnableCSS
 .text.HAL_RCC_NMI_IRQHandler
                0x00000000080072a0       0x40 Drivers/STM32G0xx_HAL_Driver/Src/stm32g0xx_hal_rcc.o
                0x00000000080072a0                HAL_RCC_NMI_IRQHandler
 .text.HAL_RCC_CSSCallback
                0x00000000080072e0        0xa Drivers/STM32G0xx_HAL_Driver/Src/stm32g0xx_hal_rcc.o
                0x00000000080072e0                HAL_RCC_CSSCallback
 .text.HAL_RCC_LSECSSCallback
                0x00000000080072ea        0xa Drivers/STM32G0xx_HAL_Driver/Src/stm32g0xx_hal_rcc.o
                0x00000000080072ea                HAL_RCC_LSECSSCallback
 .text.HAL_RCCEx_PeriphCLKConfig
                0x00000000080072f4      0x268 Drivers/STM32G0xx_HAL_Driver/Src/stm32g0xx_hal_rcc_ex.o
                0x00000000080072f4                HAL_RCCEx_PeriphCLKConfig
 .text.HAL_RTC_Init
                0x000000000800755c      0x12c Drivers/STM32G0xx_HAL_Driver/Src/stm32g0xx_hal_rtc.o
                0x000000000800755c                HAL_RTC_Init
 .text.HAL_RTC_SetTime
                0x0000000008007688      0x150 Drivers/STM32G0xx_HAL_Driver/Src/stm32g0xx_hal_rtc.o
                0x0000000008007688                HAL_RTC_SetTime
 .text.HAL_RTC_GetTime
                0x00000000080077d8       0xb8 Drivers/STM32G0xx_HAL_Driver/Src/stm32g0xx_hal_rtc.o
                0x00000000080077d8                HAL_RTC_GetTime
 .text.HAL_RTC_GetDate
                0x0000000008007890       0x9c Drivers/STM32G0xx_HAL_Driver/Src/stm32g0xx_hal_rtc.o
                0x0000000008007890                HAL_RTC_GetDate
 .text.HAL_RTC_WaitForSynchro
                0x000000000800792c       0x4e Drivers/STM32G0xx_HAL_Driver/Src/stm32g0xx_hal_rtc.o
                0x000000000800792c                HAL_RTC_WaitForSynchro
 .text.RTC_EnterInitMode
                0x000000000800797a       0x84 Drivers/STM32G0xx_HAL_Driver/Src/stm32g0xx_hal_rtc.o
                0x000000000800797a                RTC_EnterInitMode
 *fill*         0x00000000080079fe        0x2 
 .text.RTC_ExitInitMode
                0x0000000008007a00       0x88 Drivers/STM32G0xx_HAL_Driver/Src/stm32g0xx_hal_rtc.o
                0x0000000008007a00                RTC_ExitInitMode
 .text.RTC_ByteToBcd2
                0x0000000008007a88       0x50 Drivers/STM32G0xx_HAL_Driver/Src/stm32g0xx_hal_rtc.o
                0x0000000008007a88                RTC_ByteToBcd2
 .text.RTC_Bcd2ToByte
                0x0000000008007ad8       0x3a Drivers/STM32G0xx_HAL_Driver/Src/stm32g0xx_hal_rtc.o
                0x0000000008007ad8                RTC_Bcd2ToByte
 .text.HAL_TIM_Base_Init
                0x0000000008007b12       0xb0 Drivers/STM32G0xx_HAL_Driver/Src/stm32g0xx_hal_tim.o
                0x0000000008007b12                HAL_TIM_Base_Init
 *fill*         0x0000000008007bc2        0x2 
 .text.HAL_TIM_Base_Start
                0x0000000008007bc4       0x9c Drivers/STM32G0xx_HAL_Driver/Src/stm32g0xx_hal_tim.o
                0x0000000008007bc4                HAL_TIM_Base_Start
 .text.HAL_TIM_Base_Start_IT
                0x0000000008007c60       0xac Drivers/STM32G0xx_HAL_Driver/Src/stm32g0xx_hal_tim.o
                0x0000000008007c60                HAL_TIM_Base_Start_IT
 .text.HAL_TIM_Base_Stop_IT
                0x0000000008007d0c       0x5c Drivers/STM32G0xx_HAL_Driver/Src/stm32g0xx_hal_tim.o
                0x0000000008007d0c                HAL_TIM_Base_Stop_IT
 .text.HAL_TIM_PWM_Init
                0x0000000008007d68       0xb0 Drivers/STM32G0xx_HAL_Driver/Src/stm32g0xx_hal_tim.o
                0x0000000008007d68                HAL_TIM_PWM_Init
 .text.HAL_TIM_PWM_MspInit
                0x0000000008007e18       0x10 Drivers/STM32G0xx_HAL_Driver/Src/stm32g0xx_hal_tim.o
                0x0000000008007e18                HAL_TIM_PWM_MspInit
 .text.HAL_TIM_PWM_Start
                0x0000000008007e28      0x1c8 Drivers/STM32G0xx_HAL_Driver/Src/stm32g0xx_hal_tim.o
                0x0000000008007e28                HAL_TIM_PWM_Start
 .text.HAL_TIM_IRQHandler
                0x0000000008007ff0      0x264 Drivers/STM32G0xx_HAL_Driver/Src/stm32g0xx_hal_tim.o
                0x0000000008007ff0                HAL_TIM_IRQHandler
 .text.HAL_TIM_PWM_ConfigChannel
                0x0000000008008254      0x1ec Drivers/STM32G0xx_HAL_Driver/Src/stm32g0xx_hal_tim.o
                0x0000000008008254                HAL_TIM_PWM_ConfigChannel
 .text.HAL_TIM_ConfigClockSource
                0x0000000008008440      0x198 Drivers/STM32G0xx_HAL_Driver/Src/stm32g0xx_hal_tim.o
                0x0000000008008440                HAL_TIM_ConfigClockSource
 .text.HAL_TIM_OC_DelayElapsedCallback
                0x00000000080085d8       0x10 Drivers/STM32G0xx_HAL_Driver/Src/stm32g0xx_hal_tim.o
                0x00000000080085d8                HAL_TIM_OC_DelayElapsedCallback
 .text.HAL_TIM_IC_CaptureCallback
                0x00000000080085e8       0x10 Drivers/STM32G0xx_HAL_Driver/Src/stm32g0xx_hal_tim.o
                0x00000000080085e8                HAL_TIM_IC_CaptureCallback
 .text.HAL_TIM_PWM_PulseFinishedCallback
                0x00000000080085f8       0x10 Drivers/STM32G0xx_HAL_Driver/Src/stm32g0xx_hal_tim.o
                0x00000000080085f8                HAL_TIM_PWM_PulseFinishedCallback
 .text.HAL_TIM_TriggerCallback
                0x0000000008008608       0x10 Drivers/STM32G0xx_HAL_Driver/Src/stm32g0xx_hal_tim.o
                0x0000000008008608                HAL_TIM_TriggerCallback
 .text.TIM_Base_SetConfig
                0x0000000008008618       0xec Drivers/STM32G0xx_HAL_Driver/Src/stm32g0xx_hal_tim.o
                0x0000000008008618                TIM_Base_SetConfig
 .text.TIM_OC1_SetConfig
                0x0000000008008704      0x114 Drivers/STM32G0xx_HAL_Driver/Src/stm32g0xx_hal_tim.o
 .text.TIM_OC2_SetConfig
                0x0000000008008818      0x108 Drivers/STM32G0xx_HAL_Driver/Src/stm32g0xx_hal_tim.o
                0x0000000008008818                TIM_OC2_SetConfig
 .text.TIM_OC3_SetConfig
                0x0000000008008920      0x110 Drivers/STM32G0xx_HAL_Driver/Src/stm32g0xx_hal_tim.o
 .text.TIM_OC4_SetConfig
                0x0000000008008a30       0xd4 Drivers/STM32G0xx_HAL_Driver/Src/stm32g0xx_hal_tim.o
 .text.TIM_OC5_SetConfig
                0x0000000008008b04       0xc0 Drivers/STM32G0xx_HAL_Driver/Src/stm32g0xx_hal_tim.o
 .text.TIM_OC6_SetConfig
                0x0000000008008bc4       0xc8 Drivers/STM32G0xx_HAL_Driver/Src/stm32g0xx_hal_tim.o
 .text.TIM_TI1_ConfigInputStage
                0x0000000008008c8c       0x5c Drivers/STM32G0xx_HAL_Driver/Src/stm32g0xx_hal_tim.o
 .text.TIM_TI2_ConfigInputStage
                0x0000000008008ce8       0x64 Drivers/STM32G0xx_HAL_Driver/Src/stm32g0xx_hal_tim.o
 .text.TIM_ITRx_SetConfig
                0x0000000008008d4c       0x38 Drivers/STM32G0xx_HAL_Driver/Src/stm32g0xx_hal_tim.o
 .text.TIM_ETR_SetConfig
                0x0000000008008d84       0x40 Drivers/STM32G0xx_HAL_Driver/Src/stm32g0xx_hal_tim.o
                0x0000000008008d84                TIM_ETR_SetConfig
 .text.TIM_CCxChannelCmd
                0x0000000008008dc4       0x46 Drivers/STM32G0xx_HAL_Driver/Src/stm32g0xx_hal_tim.o
                0x0000000008008dc4                TIM_CCxChannelCmd
 *fill*         0x0000000008008e0a        0x2 
 .text.HAL_TIMEx_MasterConfigSynchronization
                0x0000000008008e0c       0xd0 Drivers/STM32G0xx_HAL_Driver/Src/stm32g0xx_hal_tim_ex.o
                0x0000000008008e0c                HAL_TIMEx_MasterConfigSynchronization
 .text.HAL_TIMEx_ConfigBreakDeadTime
                0x0000000008008edc      0x14c Drivers/STM32G0xx_HAL_Driver/Src/stm32g0xx_hal_tim_ex.o
                0x0000000008008edc                HAL_TIMEx_ConfigBreakDeadTime
 .text.HAL_TIMEx_CommutCallback
                0x0000000008009028       0x10 Drivers/STM32G0xx_HAL_Driver/Src/stm32g0xx_hal_tim_ex.o
                0x0000000008009028                HAL_TIMEx_CommutCallback
 .text.HAL_TIMEx_BreakCallback
                0x0000000008009038       0x10 Drivers/STM32G0xx_HAL_Driver/Src/stm32g0xx_hal_tim_ex.o
                0x0000000008009038                HAL_TIMEx_BreakCallback
 .text.HAL_TIMEx_Break2Callback
                0x0000000008009048       0x10 Drivers/STM32G0xx_HAL_Driver/Src/stm32g0xx_hal_tim_ex.o
                0x0000000008009048                HAL_TIMEx_Break2Callback
 .text.__errno  0x0000000008009058        0xc c:/program files/stm32cubeide_1.6.1/stm32cubeide/plugins/com.st.stm32cube.ide.mcu.externaltools.gnu-tools-for-stm32.9-2020-q2-update.win32_1.5.0.202011040924/tools/bin/../lib/gcc/arm-none-eabi/9.3.1/../../../../arm-none-eabi/lib/thumb/v6-m/nofp\libc_nano.a(lib_a-errno.o)
                0x0000000008009058                __errno
 .text.__libc_init_array
                0x0000000008009064       0x48 c:/program files/stm32cubeide_1.6.1/stm32cubeide/plugins/com.st.stm32cube.ide.mcu.externaltools.gnu-tools-for-stm32.9-2020-q2-update.win32_1.5.0.202011040924/tools/bin/../lib/gcc/arm-none-eabi/9.3.1/../../../../arm-none-eabi/lib/thumb/v6-m/nofp\libc_nano.a(lib_a-init.o)
                0x0000000008009064                __libc_init_array
 .text.memset   0x00000000080090ac       0x10 c:/program files/stm32cubeide_1.6.1/stm32cubeide/plugins/com.st.stm32cube.ide.mcu.externaltools.gnu-tools-for-stm32.9-2020-q2-update.win32_1.5.0.202011040924/tools/bin/../lib/gcc/arm-none-eabi/9.3.1/../../../../arm-none-eabi/lib/thumb/v6-m/nofp\libc_nano.a(lib_a-memset.o)
                0x00000000080090ac                memset
 .text.exp      0x00000000080090bc       0x7c c:/program files/stm32cubeide_1.6.1/stm32cubeide/plugins/com.st.stm32cube.ide.mcu.externaltools.gnu-tools-for-stm32.9-2020-q2-update.win32_1.5.0.202011040924/tools/bin/../lib/gcc/arm-none-eabi/9.3.1/../../../../arm-none-eabi/lib/thumb/v6-m/nofp\libm.a(lib_a-w_exp.o)
                0x00000000080090bc                exp
 .text.__ieee754_exp
                0x0000000008009138      0x2d0 c:/program files/stm32cubeide_1.6.1/stm32cubeide/plugins/com.st.stm32cube.ide.mcu.externaltools.gnu-tools-for-stm32.9-2020-q2-update.win32_1.5.0.202011040924/tools/bin/../lib/gcc/arm-none-eabi/9.3.1/../../../../arm-none-eabi/lib/thumb/v6-m/nofp\libm.a(lib_a-e_exp.o)
                0x0000000008009138                __ieee754_exp
 .text.finite   0x0000000008009408       0x10 c:/program files/stm32cubeide_1.6.1/stm32cubeide/plugins/com.st.stm32cube.ide.mcu.externaltools.gnu-tools-for-stm32.9-2020-q2-update.win32_1.5.0.202011040924/tools/bin/../lib/gcc/arm-none-eabi/9.3.1/../../../../arm-none-eabi/lib/thumb/v6-m/nofp\libm.a(lib_a-s_finite.o)
                0x0000000008009408                finite
 *(.glue_7)
 .glue_7        0x0000000008009418        0x0 linker stubs
 *(.glue_7t)
 .glue_7t       0x0000000008009418        0x0 linker stubs
 *(.eh_frame)
 .eh_frame      0x0000000008009418        0x0 c:/program files/stm32cubeide_1.6.1/stm32cubeide/plugins/com.st.stm32cube.ide.mcu.externaltools.gnu-tools-for-stm32.9-2020-q2-update.win32_1.5.0.202011040924/tools/bin/../lib/gcc/arm-none-eabi/9.3.1/thumb/v6-m/nofp/crtbegin.o
 *(.init)
 .init          0x0000000008009418        0x4 c:/program files/stm32cubeide_1.6.1/stm32cubeide/plugins/com.st.stm32cube.ide.mcu.externaltools.gnu-tools-for-stm32.9-2020-q2-update.win32_1.5.0.202011040924/tools/bin/../lib/gcc/arm-none-eabi/9.3.1/thumb/v6-m/nofp/crti.o
                0x0000000008009418                _init
 .init          0x000000000800941c        0x8 c:/program files/stm32cubeide_1.6.1/stm32cubeide/plugins/com.st.stm32cube.ide.mcu.externaltools.gnu-tools-for-stm32.9-2020-q2-update.win32_1.5.0.202011040924/tools/bin/../lib/gcc/arm-none-eabi/9.3.1/thumb/v6-m/nofp/crtn.o
 *(.fini)
 .fini          0x0000000008009424        0x4 c:/program files/stm32cubeide_1.6.1/stm32cubeide/plugins/com.st.stm32cube.ide.mcu.externaltools.gnu-tools-for-stm32.9-2020-q2-update.win32_1.5.0.202011040924/tools/bin/../lib/gcc/arm-none-eabi/9.3.1/thumb/v6-m/nofp/crti.o
                0x0000000008009424                _fini
 .fini          0x0000000008009428        0x8 c:/program files/stm32cubeide_1.6.1/stm32cubeide/plugins/com.st.stm32cube.ide.mcu.externaltools.gnu-tools-for-stm32.9-2020-q2-update.win32_1.5.0.202011040924/tools/bin/../lib/gcc/arm-none-eabi/9.3.1/thumb/v6-m/nofp/crtn.o
 .fini.__stub   0x0000000008009430       0x10 linker stubs
                0x0000000008009440                . = ALIGN (0x4)
                0x0000000008009440                _etext = .

.vfp11_veneer   0x0000000008009440        0x0
 .vfp11_veneer  0x0000000008009440        0x0 linker stubs

.v4_bx          0x0000000008009440        0x0
 .v4_bx         0x0000000008009440        0x0 linker stubs

.iplt           0x0000000008009440        0x0
 .iplt          0x0000000008009440        0x0 c:/program files/stm32cubeide_1.6.1/stm32cubeide/plugins/com.st.stm32cube.ide.mcu.externaltools.gnu-tools-for-stm32.9-2020-q2-update.win32_1.5.0.202011040924/tools/bin/../lib/gcc/arm-none-eabi/9.3.1/thumb/v6-m/nofp/crtbegin.o

.rodata         0x0000000008009440      0x1a8
                0x0000000008009440                . = ALIGN (0x4)
 *(.rodata)
 .rodata        0x0000000008009440       0x20 Core/Src/station.o
 .rodata        0x0000000008009460       0x40 c:/program files/stm32cubeide_1.6.1/stm32cubeide/plugins/com.st.stm32cube.ide.mcu.externaltools.gnu-tools-for-stm32.9-2020-q2-update.win32_1.5.0.202011040924/tools/bin/../lib/gcc/arm-none-eabi/9.3.1/thumb/v6-m/nofp\libgcc.a(divdf3.o)
 .rodata        0x00000000080094a0       0x40 c:/program files/stm32cubeide_1.6.1/stm32cubeide/plugins/com.st.stm32cube.ide.mcu.externaltools.gnu-tools-for-stm32.9-2020-q2-update.win32_1.5.0.202011040924/tools/bin/../lib/gcc/arm-none-eabi/9.3.1/thumb/v6-m/nofp\libgcc.a(muldf3.o)
 *(.rodata*)
 .rodata.display_number
                0x00000000080094e0       0x40 Core/Src/display.o
 .rodata.AHBPrescTable
                0x0000000008009520       0x40 Core/Src/system_stm32g0xx.o
                0x0000000008009520                AHBPrescTable
 .rodata.HAL_TIM_PWM_ConfigChannel
                0x0000000008009560       0x54 Drivers/STM32G0xx_HAL_Driver/Src/stm32g0xx_hal_tim.o
 *fill*         0x00000000080095b4        0x4 
 .rodata.halF   0x00000000080095b8       0x10 c:/program files/stm32cubeide_1.6.1/stm32cubeide/plugins/com.st.stm32cube.ide.mcu.externaltools.gnu-tools-for-stm32.9-2020-q2-update.win32_1.5.0.202011040924/tools/bin/../lib/gcc/arm-none-eabi/9.3.1/../../../../arm-none-eabi/lib/thumb/v6-m/nofp\libm.a(lib_a-e_exp.o)
 .rodata.ln2HI  0x00000000080095c8       0x10 c:/program files/stm32cubeide_1.6.1/stm32cubeide/plugins/com.st.stm32cube.ide.mcu.externaltools.gnu-tools-for-stm32.9-2020-q2-update.win32_1.5.0.202011040924/tools/bin/../lib/gcc/arm-none-eabi/9.3.1/../../../../arm-none-eabi/lib/thumb/v6-m/nofp\libm.a(lib_a-e_exp.o)
 .rodata.ln2LO  0x00000000080095d8       0x10 c:/program files/stm32cubeide_1.6.1/stm32cubeide/plugins/com.st.stm32cube.ide.mcu.externaltools.gnu-tools-for-stm32.9-2020-q2-update.win32_1.5.0.202011040924/tools/bin/../lib/gcc/arm-none-eabi/9.3.1/../../../../arm-none-eabi/lib/thumb/v6-m/nofp\libm.a(lib_a-e_exp.o)
                0x00000000080095e8                . = ALIGN (0x4)

.rel.dyn        0x00000000080095e8        0x0
 .rel.iplt      0x00000000080095e8        0x0 c:/program files/stm32cubeide_1.6.1/stm32cubeide/plugins/com.st.stm32cube.ide.mcu.externaltools.gnu-tools-for-stm32.9-2020-q2-update.win32_1.5.0.202011040924/tools/bin/../lib/gcc/arm-none-eabi/9.3.1/thumb/v6-m/nofp/crtbegin.o

.ARM.extab      0x00000000080095e8        0x0
                0x00000000080095e8                . = ALIGN (0x4)
 *(.ARM.extab* .gnu.linkonce.armextab.*)
                0x00000000080095e8                . = ALIGN (0x4)

.ARM            0x00000000080095e8        0x0
                0x00000000080095e8                . = ALIGN (0x4)
                0x00000000080095e8                __exidx_start = .
 *(.ARM.exidx*)
                0x00000000080095e8                __exidx_end = .
                0x00000000080095e8                . = ALIGN (0x4)

.preinit_array  0x00000000080095e8        0x0
                0x00000000080095e8                . = ALIGN (0x4)
                0x00000000080095e8                PROVIDE (__preinit_array_start = .)
 *(.preinit_array*)
                0x00000000080095e8                PROVIDE (__preinit_array_end = .)
                0x00000000080095e8                . = ALIGN (0x4)

.init_array     0x00000000080095e8        0x4
                0x00000000080095e8                . = ALIGN (0x4)
                0x00000000080095e8                PROVIDE (__init_array_start = .)
 *(SORT_BY_NAME(.init_array.*))
 *(.init_array*)
 .init_array    0x00000000080095e8        0x4 c:/program files/stm32cubeide_1.6.1/stm32cubeide/plugins/com.st.stm32cube.ide.mcu.externaltools.gnu-tools-for-stm32.9-2020-q2-update.win32_1.5.0.202011040924/tools/bin/../lib/gcc/arm-none-eabi/9.3.1/thumb/v6-m/nofp/crtbegin.o
                0x00000000080095ec                PROVIDE (__init_array_end = .)
                0x00000000080095ec                . = ALIGN (0x4)

.fini_array     0x00000000080095ec        0x4
                0x00000000080095ec                . = ALIGN (0x4)
                [!provide]                        PROVIDE (__fini_array_start = .)
 *(SORT_BY_NAME(.fini_array.*))
 *(.fini_array*)
 .fini_array    0x00000000080095ec        0x4 c:/program files/stm32cubeide_1.6.1/stm32cubeide/plugins/com.st.stm32cube.ide.mcu.externaltools.gnu-tools-for-stm32.9-2020-q2-update.win32_1.5.0.202011040924/tools/bin/../lib/gcc/arm-none-eabi/9.3.1/thumb/v6-m/nofp/crtbegin.o
                [!provide]                        PROVIDE (__fini_array_end = .)
                0x00000000080095f0                . = ALIGN (0x4)
                0x00000000080095f0                _sidata = LOADADDR (.data)

.data           0x0000000020000000      0x11c load address 0x00000000080095f0
                0x0000000020000000                . = ALIGN (0x4)
                0x0000000020000000                _sdata = .
 *(.data)
 *(.data*)
 .data.FREQUENCY_CALIBRATION
                0x0000000020000000        0x8 Core/Src/main.o
                0x0000000020000000                FREQUENCY_CALIBRATION
 .data.FM_FREQUENCY
                0x0000000020000008        0x4 Core/Src/main.o
                0x0000000020000008                FM_FREQUENCY
 .data.MODE     0x000000002000000c        0x1 Core/Src/main.o
                0x000000002000000c                MODE
 *fill*         0x000000002000000d        0x3 
 .data.STATION  0x0000000020000010        0x4 Core/Src/main.o
                0x0000000020000010                STATION
 .data.STANDBY_DISPLAY_ON
                0x0000000020000014        0x1 Core/Src/main.o
                0x0000000020000014                STANDBY_DISPLAY_ON
 .data.LOCK_FREQUENCY
                0x0000000020000015        0x1 Core/Src/main.o
                0x0000000020000015                LOCK_FREQUENCY
 *fill*         0x0000000020000016        0x2 
 .data.AM_FREQUENCY
                0x0000000020000018        0x4 Core/Src/main.o
                0x0000000020000018                AM_FREQUENCY
 .data.COLD_START
                0x000000002000001c        0x1 Core/Src/main.o
                0x000000002000001c                COLD_START
 *fill*         0x000000002000001d        0x3 
 .data.SystemCoreClock
                0x0000000020000020        0x4 Core/Src/system_stm32g0xx.o
                0x0000000020000020                SystemCoreClock
 .data.uwTickPrio
                0x0000000020000024        0x4 Drivers/STM32G0xx_HAL_Driver/Src/stm32g0xx_hal.o
                0x0000000020000024                uwTickPrio
 .data.uwTickFreq
                0x0000000020000028        0x1 Drivers/STM32G0xx_HAL_Driver/Src/stm32g0xx_hal.o
                0x0000000020000028                uwTickFreq
 *fill*         0x0000000020000029        0x3 
 .data._impure_ptr
                0x000000002000002c        0x4 c:/program files/stm32cubeide_1.6.1/stm32cubeide/plugins/com.st.stm32cube.ide.mcu.externaltools.gnu-tools-for-stm32.9-2020-q2-update.win32_1.5.0.202011040924/tools/bin/../lib/gcc/arm-none-eabi/9.3.1/../../../../arm-none-eabi/lib/thumb/v6-m/nofp\libc_nano.a(lib_a-impure.o)
                0x000000002000002c                _impure_ptr
 .data.impure_data
                0x0000000020000030       0x60 c:/program files/stm32cubeide_1.6.1/stm32cubeide/plugins/com.st.stm32cube.ide.mcu.externaltools.gnu-tools-for-stm32.9-2020-q2-update.win32_1.5.0.202011040924/tools/bin/../lib/gcc/arm-none-eabi/9.3.1/../../../../arm-none-eabi/lib/thumb/v6-m/nofp\libc_nano.a(lib_a-impure.o)
 .data.__fdlib_version
                0x0000000020000090        0x1 c:/program files/stm32cubeide_1.6.1/stm32cubeide/plugins/com.st.stm32cube.ide.mcu.externaltools.gnu-tools-for-stm32.9-2020-q2-update.win32_1.5.0.202011040924/tools/bin/../lib/gcc/arm-none-eabi/9.3.1/../../../../arm-none-eabi/lib/thumb/v6-m/nofp\libm.a(lib_a-s_lib_ver.o)
                0x0000000020000090                __fdlib_version
 *(.RamFunc)
 *fill*         0x0000000020000091        0x3 
 .RamFunc       0x0000000020000094       0x88 Drivers/STM32G0xx_HAL_Driver/Src/stm32g0xx_hal_flash.o
 *(.RamFunc*)
                0x000000002000011c                . = ALIGN (0x4)
                0x000000002000011c                _edata = .

.igot.plt       0x000000002000011c        0x0 load address 0x000000000800970c
 .igot.plt      0x000000002000011c        0x0 c:/program files/stm32cubeide_1.6.1/stm32cubeide/plugins/com.st.stm32cube.ide.mcu.externaltools.gnu-tools-for-stm32.9-2020-q2-update.win32_1.5.0.202011040924/tools/bin/../lib/gcc/arm-none-eabi/9.3.1/thumb/v6-m/nofp/crtbegin.o
                0x000000002000011c                . = ALIGN (0x4)

.bss            0x000000002000011c      0x310 load address 0x000000000800970c
                0x000000002000011c                _sbss = .
                0x000000002000011c                __bss_start__ = _sbss
 *(.bss)
 .bss           0x000000002000011c       0x1c c:/program files/stm32cubeide_1.6.1/stm32cubeide/plugins/com.st.stm32cube.ide.mcu.externaltools.gnu-tools-for-stm32.9-2020-q2-update.win32_1.5.0.202011040924/tools/bin/../lib/gcc/arm-none-eabi/9.3.1/thumb/v6-m/nofp/crtbegin.o
 *(.bss*)
 .bss.ticks     0x0000000020000138        0x4 Core/Src/display.o
 .bss.TIME      0x000000002000013c       0x14 Core/Src/main.o
                0x000000002000013c                TIME
 .bss.DATE      0x0000000020000150        0x4 Core/Src/main.o
                0x0000000020000150                DATE
 .bss.FM_FREQUENCY_COUNTER
                0x0000000020000154        0x4 Core/Src/main.o
                0x0000000020000154                FM_FREQUENCY_COUNTER
 .bss.FM_FREQUENCY_COUNTER_UPDATED
                0x0000000020000158        0x1 Core/Src/main.o
                0x0000000020000158                FM_FREQUENCY_COUNTER_UPDATED
 .bss.CLOCK     0x0000000020000159        0x1 Core/Src/main.o
                0x0000000020000159                CLOCK
 .bss.STANDBY   0x000000002000015a        0x1 Core/Src/main.o
                0x000000002000015a                STANDBY
 .bss.SET_BUTTON
                0x000000002000015b        0x1 Core/Src/main.o
                0x000000002000015b                SET_BUTTON
 .bss.MEMORY_BUTTON
                0x000000002000015c        0x1 Core/Src/main.o
                0x000000002000015c                MEMORY_BUTTON
 .bss.SCAN_STOP
                0x000000002000015d        0x1 Core/Src/main.o
                0x000000002000015d                SCAN_STOP
 *fill*         0x000000002000015e        0x2 
 .bss.AM_FREQUENCY_COUNTER
                0x0000000020000160        0x4 Core/Src/main.o
                0x0000000020000160                AM_FREQUENCY_COUNTER
 .bss.OFF_COUNTER
                0x0000000020000164        0x4 Core/Src/main.o
                0x0000000020000164                OFF_COUNTER
 .bss.pFlash    0x0000000020000168       0x1c Drivers/STM32G0xx_HAL_Driver/Src/stm32g0xx_hal_flash.o
                0x0000000020000168                pFlash
 *(COMMON)
 COMMON         0x0000000020000184      0x2a4 Core/Src/main.o
                0x0000000020000184                htim15
                0x00000000200001d0                htim3
                0x000000002000021c                hadc1
                0x0000000020000280                hrtc
                0x00000000200002ac                htim6
                0x00000000200002f8                htim1
                0x0000000020000344                htim14
                0x0000000020000390                htim16
                0x00000000200003dc                htim7
 COMMON         0x0000000020000428        0x4 Drivers/STM32G0xx_HAL_Driver/Src/stm32g0xx_hal.o
                0x0000000020000428                uwTick
                0x000000002000042c                . = ALIGN (0x4)
                0x000000002000042c                _ebss = .
                0x000000002000042c                __bss_end__ = _ebss

._user_heap_stack
                0x000000002000042c      0x604 load address 0x000000000800970c
                0x0000000020000430                . = ALIGN (0x8)
 *fill*         0x000000002000042c        0x4 
                [!provide]                        PROVIDE (end = .)
                0x0000000020000430                PROVIDE (_end = .)
                0x0000000020000630                . = (. + _Min_Heap_Size)
 *fill*         0x0000000020000430      0x200 
                0x0000000020000a30                . = (. + _Min_Stack_Size)
 *fill*         0x0000000020000630      0x400 
                0x0000000020000a30                . = ALIGN (0x8)

/DISCARD/
 libc.a(*)
 libm.a(*)
 libgcc.a(*)

.ARM.attributes
                0x0000000000000000       0x28
 *(.ARM.attributes)
 .ARM.attributes
                0x0000000000000000       0x1e c:/program files/stm32cubeide_1.6.1/stm32cubeide/plugins/com.st.stm32cube.ide.mcu.externaltools.gnu-tools-for-stm32.9-2020-q2-update.win32_1.5.0.202011040924/tools/bin/../lib/gcc/arm-none-eabi/9.3.1/thumb/v6-m/nofp/crti.o
 .ARM.attributes
                0x000000000000001e       0x2c c:/program files/stm32cubeide_1.6.1/stm32cubeide/plugins/com.st.stm32cube.ide.mcu.externaltools.gnu-tools-for-stm32.9-2020-q2-update.win32_1.5.0.202011040924/tools/bin/../lib/gcc/arm-none-eabi/9.3.1/thumb/v6-m/nofp/crtbegin.o
 .ARM.attributes
                0x000000000000004a       0x2c Core/Src/display.o
 .ARM.attributes
                0x0000000000000076       0x2c Core/Src/keydecoder.o
 .ARM.attributes
                0x00000000000000a2       0x2c Core/Src/main.o
 .ARM.attributes
                0x00000000000000ce       0x2c Core/Src/misc.o
 .ARM.attributes
                0x00000000000000fa       0x2c Core/Src/station.o
 .ARM.attributes
                0x0000000000000126       0x2c Core/Src/stm32g0xx_hal_msp.o
 .ARM.attributes
                0x0000000000000152       0x2c Core/Src/stm32g0xx_it.o
 .ARM.attributes
                0x000000000000017e       0x2c Core/Src/system_stm32g0xx.o
 .ARM.attributes
                0x00000000000001aa       0x22 Core/Startup/startup_stm32g070rbtx.o
 .ARM.attributes
                0x00000000000001cc       0x2c Drivers/STM32G0xx_HAL_Driver/Src/stm32g0xx_hal.o
 .ARM.attributes
                0x00000000000001f8       0x2c Drivers/STM32G0xx_HAL_Driver/Src/stm32g0xx_hal_adc.o
 .ARM.attributes
                0x0000000000000224       0x2c Drivers/STM32G0xx_HAL_Driver/Src/stm32g0xx_hal_cortex.o
 .ARM.attributes
                0x0000000000000250       0x2c Drivers/STM32G0xx_HAL_Driver/Src/stm32g0xx_hal_flash.o
 .ARM.attributes
                0x000000000000027c       0x2c Drivers/STM32G0xx_HAL_Driver/Src/stm32g0xx_hal_flash_ex.o
 .ARM.attributes
                0x00000000000002a8       0x2c Drivers/STM32G0xx_HAL_Driver/Src/stm32g0xx_hal_gpio.o
 .ARM.attributes
                0x00000000000002d4       0x2c Drivers/STM32G0xx_HAL_Driver/Src/stm32g0xx_hal_pwr.o
 .ARM.attributes
                0x0000000000000300       0x2c Drivers/STM32G0xx_HAL_Driver/Src/stm32g0xx_hal_pwr_ex.o
 .ARM.attributes
                0x000000000000032c       0x2c Drivers/STM32G0xx_HAL_Driver/Src/stm32g0xx_hal_rcc.o
 .ARM.attributes
                0x0000000000000358       0x2c Drivers/STM32G0xx_HAL_Driver/Src/stm32g0xx_hal_rcc_ex.o
 .ARM.attributes
                0x0000000000000384       0x2c Drivers/STM32G0xx_HAL_Driver/Src/stm32g0xx_hal_rtc.o
 .ARM.attributes
                0x00000000000003b0       0x2c Drivers/STM32G0xx_HAL_Driver/Src/stm32g0xx_hal_tim.o
 .ARM.attributes
                0x00000000000003dc       0x2c Drivers/STM32G0xx_HAL_Driver/Src/stm32g0xx_hal_tim_ex.o
 .ARM.attributes
                0x0000000000000408       0x2c c:/program files/stm32cubeide_1.6.1/stm32cubeide/plugins/com.st.stm32cube.ide.mcu.externaltools.gnu-tools-for-stm32.9-2020-q2-update.win32_1.5.0.202011040924/tools/bin/../lib/gcc/arm-none-eabi/9.3.1/../../../../arm-none-eabi/lib/thumb/v6-m/nofp\libc_nano.a(lib_a-errno.o)
 .ARM.attributes
                0x0000000000000434       0x2c c:/program files/stm32cubeide_1.6.1/stm32cubeide/plugins/com.st.stm32cube.ide.mcu.externaltools.gnu-tools-for-stm32.9-2020-q2-update.win32_1.5.0.202011040924/tools/bin/../lib/gcc/arm-none-eabi/9.3.1/../../../../arm-none-eabi/lib/thumb/v6-m/nofp\libc_nano.a(lib_a-impure.o)
 .ARM.attributes
                0x0000000000000460       0x2c c:/program files/stm32cubeide_1.6.1/stm32cubeide/plugins/com.st.stm32cube.ide.mcu.externaltools.gnu-tools-for-stm32.9-2020-q2-update.win32_1.5.0.202011040924/tools/bin/../lib/gcc/arm-none-eabi/9.3.1/../../../../arm-none-eabi/lib/thumb/v6-m/nofp\libc_nano.a(lib_a-init.o)
 .ARM.attributes
                0x000000000000048c       0x2c c:/program files/stm32cubeide_1.6.1/stm32cubeide/plugins/com.st.stm32cube.ide.mcu.externaltools.gnu-tools-for-stm32.9-2020-q2-update.win32_1.5.0.202011040924/tools/bin/../lib/gcc/arm-none-eabi/9.3.1/../../../../arm-none-eabi/lib/thumb/v6-m/nofp\libc_nano.a(lib_a-memset.o)
 .ARM.attributes
                0x00000000000004b8       0x2c c:/program files/stm32cubeide_1.6.1/stm32cubeide/plugins/com.st.stm32cube.ide.mcu.externaltools.gnu-tools-for-stm32.9-2020-q2-update.win32_1.5.0.202011040924/tools/bin/../lib/gcc/arm-none-eabi/9.3.1/../../../../arm-none-eabi/lib/thumb/v6-m/nofp\libm.a(lib_a-w_exp.o)
 .ARM.attributes
                0x00000000000004e4       0x2c c:/program files/stm32cubeide_1.6.1/stm32cubeide/plugins/com.st.stm32cube.ide.mcu.externaltools.gnu-tools-for-stm32.9-2020-q2-update.win32_1.5.0.202011040924/tools/bin/../lib/gcc/arm-none-eabi/9.3.1/../../../../arm-none-eabi/lib/thumb/v6-m/nofp\libm.a(lib_a-e_exp.o)
 .ARM.attributes
                0x0000000000000510       0x2c c:/program files/stm32cubeide_1.6.1/stm32cubeide/plugins/com.st.stm32cube.ide.mcu.externaltools.gnu-tools-for-stm32.9-2020-q2-update.win32_1.5.0.202011040924/tools/bin/../lib/gcc/arm-none-eabi/9.3.1/../../../../arm-none-eabi/lib/thumb/v6-m/nofp\libm.a(lib_a-s_finite.o)
 .ARM.attributes
                0x000000000000053c       0x2c c:/program files/stm32cubeide_1.6.1/stm32cubeide/plugins/com.st.stm32cube.ide.mcu.externaltools.gnu-tools-for-stm32.9-2020-q2-update.win32_1.5.0.202011040924/tools/bin/../lib/gcc/arm-none-eabi/9.3.1/../../../../arm-none-eabi/lib/thumb/v6-m/nofp\libm.a(lib_a-s_lib_ver.o)
 .ARM.attributes
                0x0000000000000568       0x1e c:/program files/stm32cubeide_1.6.1/stm32cubeide/plugins/com.st.stm32cube.ide.mcu.externaltools.gnu-tools-for-stm32.9-2020-q2-update.win32_1.5.0.202011040924/tools/bin/../lib/gcc/arm-none-eabi/9.3.1/thumb/v6-m/nofp\libgcc.a(_udivsi3.o)
 .ARM.attributes
                0x0000000000000586       0x1e c:/program files/stm32cubeide_1.6.1/stm32cubeide/plugins/com.st.stm32cube.ide.mcu.externaltools.gnu-tools-for-stm32.9-2020-q2-update.win32_1.5.0.202011040924/tools/bin/../lib/gcc/arm-none-eabi/9.3.1/thumb/v6-m/nofp\libgcc.a(_divsi3.o)
 .ARM.attributes
                0x00000000000005a4       0x1e c:/program files/stm32cubeide_1.6.1/stm32cubeide/plugins/com.st.stm32cube.ide.mcu.externaltools.gnu-tools-for-stm32.9-2020-q2-update.win32_1.5.0.202011040924/tools/bin/../lib/gcc/arm-none-eabi/9.3.1/thumb/v6-m/nofp\libgcc.a(_dvmd_tls.o)
 .ARM.attributes
                0x00000000000005c2       0x1e c:/program files/stm32cubeide_1.6.1/stm32cubeide/plugins/com.st.stm32cube.ide.mcu.externaltools.gnu-tools-for-stm32.9-2020-q2-update.win32_1.5.0.202011040924/tools/bin/../lib/gcc/arm-none-eabi/9.3.1/thumb/v6-m/nofp\libgcc.a(_arm_cmpdf2.o)
 .ARM.attributes
                0x00000000000005e0       0x2c c:/program files/stm32cubeide_1.6.1/stm32cubeide/plugins/com.st.stm32cube.ide.mcu.externaltools.gnu-tools-for-stm32.9-2020-q2-update.win32_1.5.0.202011040924/tools/bin/../lib/gcc/arm-none-eabi/9.3.1/thumb/v6-m/nofp\libgcc.a(adddf3.o)
 .ARM.attributes
                0x000000000000060c       0x2c c:/program files/stm32cubeide_1.6.1/stm32cubeide/plugins/com.st.stm32cube.ide.mcu.externaltools.gnu-tools-for-stm32.9-2020-q2-update.win32_1.5.0.202011040924/tools/bin/../lib/gcc/arm-none-eabi/9.3.1/thumb/v6-m/nofp\libgcc.a(divdf3.o)
 .ARM.attributes
                0x0000000000000638       0x2c c:/program files/stm32cubeide_1.6.1/stm32cubeide/plugins/com.st.stm32cube.ide.mcu.externaltools.gnu-tools-for-stm32.9-2020-q2-update.win32_1.5.0.202011040924/tools/bin/../lib/gcc/arm-none-eabi/9.3.1/thumb/v6-m/nofp\libgcc.a(eqdf2.o)
 .ARM.attributes
                0x0000000000000664       0x2c c:/program files/stm32cubeide_1.6.1/stm32cubeide/plugins/com.st.stm32cube.ide.mcu.externaltools.gnu-tools-for-stm32.9-2020-q2-update.win32_1.5.0.202011040924/tools/bin/../lib/gcc/arm-none-eabi/9.3.1/thumb/v6-m/nofp\libgcc.a(gedf2.o)
 .ARM.attributes
                0x0000000000000690       0x2c c:/program files/stm32cubeide_1.6.1/stm32cubeide/plugins/com.st.stm32cube.ide.mcu.externaltools.gnu-tools-for-stm32.9-2020-q2-update.win32_1.5.0.202011040924/tools/bin/../lib/gcc/arm-none-eabi/9.3.1/thumb/v6-m/nofp\libgcc.a(ledf2.o)
 .ARM.attributes
                0x00000000000006bc       0x2c c:/program files/stm32cubeide_1.6.1/stm32cubeide/plugins/com.st.stm32cube.ide.mcu.externaltools.gnu-tools-for-stm32.9-2020-q2-update.win32_1.5.0.202011040924/tools/bin/../lib/gcc/arm-none-eabi/9.3.1/thumb/v6-m/nofp\libgcc.a(muldf3.o)
 .ARM.attributes
                0x00000000000006e8       0x2c c:/program files/stm32cubeide_1.6.1/stm32cubeide/plugins/com.st.stm32cube.ide.mcu.externaltools.gnu-tools-for-stm32.9-2020-q2-update.win32_1.5.0.202011040924/tools/bin/../lib/gcc/arm-none-eabi/9.3.1/thumb/v6-m/nofp\libgcc.a(subdf3.o)
 .ARM.attributes
                0x0000000000000714       0x2c c:/program files/stm32cubeide_1.6.1/stm32cubeide/plugins/com.st.stm32cube.ide.mcu.externaltools.gnu-tools-for-stm32.9-2020-q2-update.win32_1.5.0.202011040924/tools/bin/../lib/gcc/arm-none-eabi/9.3.1/thumb/v6-m/nofp\libgcc.a(fixdfsi.o)
 .ARM.attributes
                0x0000000000000740       0x2c c:/program files/stm32cubeide_1.6.1/stm32cubeide/plugins/com.st.stm32cube.ide.mcu.externaltools.gnu-tools-for-stm32.9-2020-q2-update.win32_1.5.0.202011040924/tools/bin/../lib/gcc/arm-none-eabi/9.3.1/thumb/v6-m/nofp\libgcc.a(floatsidf.o)
 .ARM.attributes
                0x000000000000076c       0x2c c:/program files/stm32cubeide_1.6.1/stm32cubeide/plugins/com.st.stm32cube.ide.mcu.externaltools.gnu-tools-for-stm32.9-2020-q2-update.win32_1.5.0.202011040924/tools/bin/../lib/gcc/arm-none-eabi/9.3.1/thumb/v6-m/nofp\libgcc.a(floatunsidf.o)
 .ARM.attributes
                0x0000000000000798       0x1e c:/program files/stm32cubeide_1.6.1/stm32cubeide/plugins/com.st.stm32cube.ide.mcu.externaltools.gnu-tools-for-stm32.9-2020-q2-update.win32_1.5.0.202011040924/tools/bin/../lib/gcc/arm-none-eabi/9.3.1/thumb/v6-m/nofp\libgcc.a(_clzsi2.o)
 .ARM.attributes
                0x00000000000007b6       0x1e c:/program files/stm32cubeide_1.6.1/stm32cubeide/plugins/com.st.stm32cube.ide.mcu.externaltools.gnu-tools-for-stm32.9-2020-q2-update.win32_1.5.0.202011040924/tools/bin/../lib/gcc/arm-none-eabi/9.3.1/thumb/v6-m/nofp/crtn.o
OUTPUT(dual-cr1750-stm32g070rbt.elf elf32-littlearm)
LOAD linker stubs
LOAD c:/program files/stm32cubeide_1.6.1/stm32cubeide/plugins/com.st.stm32cube.ide.mcu.externaltools.gnu-tools-for-stm32.9-2020-q2-update.win32_1.5.0.202011040924/tools/bin/../lib/gcc/arm-none-eabi/9.3.1/../../../../arm-none-eabi/lib/thumb/v6-m/nofp\libc.a
LOAD c:/program files/stm32cubeide_1.6.1/stm32cubeide/plugins/com.st.stm32cube.ide.mcu.externaltools.gnu-tools-for-stm32.9-2020-q2-update.win32_1.5.0.202011040924/tools/bin/../lib/gcc/arm-none-eabi/9.3.1/../../../../arm-none-eabi/lib/thumb/v6-m/nofp\libm.a
LOAD c:/program files/stm32cubeide_1.6.1/stm32cubeide/plugins/com.st.stm32cube.ide.mcu.externaltools.gnu-tools-for-stm32.9-2020-q2-update.win32_1.5.0.202011040924/tools/bin/../lib/gcc/arm-none-eabi/9.3.1/thumb/v6-m/nofp\libgcc.a

.debug_info     0x0000000000000000    0x11cdd
 .debug_info    0x0000000000000000      0xe4e Core/Src/display.o
 .debug_info    0x0000000000000e4e      0x34e Core/Src/keydecoder.o
 .debug_info    0x000000000000119c     0x278e Core/Src/main.o
 .debug_info    0x000000000000392a      0x40f Core/Src/misc.o
 .debug_info    0x0000000000003d39      0x708 Core/Src/station.o
 .debug_info    0x0000000000004441     0x14e9 Core/Src/stm32g0xx_hal_msp.o
 .debug_info    0x000000000000592a      0x9fc Core/Src/stm32g0xx_it.o
 .debug_info    0x0000000000006326      0x4fc Core/Src/system_stm32g0xx.o
 .debug_info    0x0000000000006822       0x22 Core/Startup/startup_stm32g070rbtx.o
 .debug_info    0x0000000000006844      0x9ec Drivers/STM32G0xx_HAL_Driver/Src/stm32g0xx_hal.o
 .debug_info    0x0000000000007230     0x164e Drivers/STM32G0xx_HAL_Driver/Src/stm32g0xx_hal_adc.o
 .debug_info    0x000000000000887e      0xa47 Drivers/STM32G0xx_HAL_Driver/Src/stm32g0xx_hal_cortex.o
 .debug_info    0x00000000000092c5      0x70c Drivers/STM32G0xx_HAL_Driver/Src/stm32g0xx_hal_flash.o
 .debug_info    0x00000000000099d1      0x70c Drivers/STM32G0xx_HAL_Driver/Src/stm32g0xx_hal_flash_ex.o
 .debug_info    0x000000000000a0dd      0x729 Drivers/STM32G0xx_HAL_Driver/Src/stm32g0xx_hal_gpio.o
 .debug_info    0x000000000000a806      0x6fb Drivers/STM32G0xx_HAL_Driver/Src/stm32g0xx_hal_pwr.o
 .debug_info    0x000000000000af01      0x62e Drivers/STM32G0xx_HAL_Driver/Src/stm32g0xx_hal_pwr_ex.o
 .debug_info    0x000000000000b52f      0xb95 Drivers/STM32G0xx_HAL_Driver/Src/stm32g0xx_hal_rcc.o
 .debug_info    0x000000000000c0c4      0x8d2 Drivers/STM32G0xx_HAL_Driver/Src/stm32g0xx_hal_rcc_ex.o
 .debug_info    0x000000000000c996      0xd7f Drivers/STM32G0xx_HAL_Driver/Src/stm32g0xx_hal_rtc.o
 .debug_info    0x000000000000d715     0x2cdf Drivers/STM32G0xx_HAL_Driver/Src/stm32g0xx_hal_tim.o
 .debug_info    0x00000000000103f4     0x18e9 Drivers/STM32G0xx_HAL_Driver/Src/stm32g0xx_hal_tim_ex.o

.debug_abbrev   0x0000000000000000     0x2d81
 .debug_abbrev  0x0000000000000000      0x23e Core/Src/display.o
 .debug_abbrev  0x000000000000023e      0x158 Core/Src/keydecoder.o
 .debug_abbrev  0x0000000000000396      0x41e Core/Src/main.o
 .debug_abbrev  0x00000000000007b4      0x1bf Core/Src/misc.o
 .debug_abbrev  0x0000000000000973      0x1bd Core/Src/station.o
 .debug_abbrev  0x0000000000000b30      0x222 Core/Src/stm32g0xx_hal_msp.o
 .debug_abbrev  0x0000000000000d52      0x198 Core/Src/stm32g0xx_it.o
 .debug_abbrev  0x0000000000000eea      0x165 Core/Src/system_stm32g0xx.o
 .debug_abbrev  0x000000000000104f       0x12 Core/Startup/startup_stm32g070rbtx.o
 .debug_abbrev  0x0000000000001061      0x276 Drivers/STM32G0xx_HAL_Driver/Src/stm32g0xx_hal.o
 .debug_abbrev  0x00000000000012d7      0x247 Drivers/STM32G0xx_HAL_Driver/Src/stm32g0xx_hal_adc.o
 .debug_abbrev  0x000000000000151e      0x2c5 Drivers/STM32G0xx_HAL_Driver/Src/stm32g0xx_hal_cortex.o
 .debug_abbrev  0x00000000000017e3      0x2ca Drivers/STM32G0xx_HAL_Driver/Src/stm32g0xx_hal_flash.o
 .debug_abbrev  0x0000000000001aad      0x249 Drivers/STM32G0xx_HAL_Driver/Src/stm32g0xx_hal_flash_ex.o
 .debug_abbrev  0x0000000000001cf6      0x1df Drivers/STM32G0xx_HAL_Driver/Src/stm32g0xx_hal_gpio.o
 .debug_abbrev  0x0000000000001ed5      0x18c Drivers/STM32G0xx_HAL_Driver/Src/stm32g0xx_hal_pwr.o
 .debug_abbrev  0x0000000000002061      0x204 Drivers/STM32G0xx_HAL_Driver/Src/stm32g0xx_hal_pwr_ex.o
 .debug_abbrev  0x0000000000002265      0x23d Drivers/STM32G0xx_HAL_Driver/Src/stm32g0xx_hal_rcc.o
 .debug_abbrev  0x00000000000024a2      0x1fc Drivers/STM32G0xx_HAL_Driver/Src/stm32g0xx_hal_rcc_ex.o
 .debug_abbrev  0x000000000000269e      0x1ec Drivers/STM32G0xx_HAL_Driver/Src/stm32g0xx_hal_rtc.o
 .debug_abbrev  0x000000000000288a      0x280 Drivers/STM32G0xx_HAL_Driver/Src/stm32g0xx_hal_tim.o
 .debug_abbrev  0x0000000000002b0a      0x277 Drivers/STM32G0xx_HAL_Driver/Src/stm32g0xx_hal_tim_ex.o

.debug_aranges  0x0000000000000000     0x1098
 .debug_aranges
                0x0000000000000000       0xa0 Core/Src/display.o
 .debug_aranges
                0x00000000000000a0       0x28 Core/Src/keydecoder.o
 .debug_aranges
                0x00000000000000c8       0xe0 Core/Src/main.o
 .debug_aranges
                0x00000000000001a8       0x40 Core/Src/misc.o
 .debug_aranges
                0x00000000000001e8       0x40 Core/Src/station.o
 .debug_aranges
                0x0000000000000228       0x58 Core/Src/stm32g0xx_hal_msp.o
 .debug_aranges
                0x0000000000000280       0x80 Core/Src/stm32g0xx_it.o
 .debug_aranges
                0x0000000000000300       0x28 Core/Src/system_stm32g0xx.o
 .debug_aranges
                0x0000000000000328       0x28 Core/Startup/startup_stm32g070rbtx.o
 .debug_aranges
                0x0000000000000350       0xf8 Drivers/STM32G0xx_HAL_Driver/Src/stm32g0xx_hal.o
 .debug_aranges
                0x0000000000000448      0x1e8 Drivers/STM32G0xx_HAL_Driver/Src/stm32g0xx_hal_adc.o
 .debug_aranges
                0x0000000000000630       0xd8 Drivers/STM32G0xx_HAL_Driver/Src/stm32g0xx_hal_cortex.o
 .debug_aranges
                0x0000000000000708       0x88 Drivers/STM32G0xx_HAL_Driver/Src/stm32g0xx_hal_flash.o
 .debug_aranges
                0x0000000000000790       0x88 Drivers/STM32G0xx_HAL_Driver/Src/stm32g0xx_hal_flash_ex.o
 .debug_aranges
                0x0000000000000818       0x60 Drivers/STM32G0xx_HAL_Driver/Src/stm32g0xx_hal_gpio.o
 .debug_aranges
                0x0000000000000878       0x78 Drivers/STM32G0xx_HAL_Driver/Src/stm32g0xx_hal_pwr.o
 .debug_aranges
                0x00000000000008f0       0x98 Drivers/STM32G0xx_HAL_Driver/Src/stm32g0xx_hal_pwr_ex.o
 .debug_aranges
                0x0000000000000988       0x98 Drivers/STM32G0xx_HAL_Driver/Src/stm32g0xx_hal_rcc.o
 .debug_aranges
                0x0000000000000a20       0x40 Drivers/STM32G0xx_HAL_Driver/Src/stm32g0xx_hal_rcc_ex.o
 .debug_aranges
                0x0000000000000a60       0xc0 Drivers/STM32G0xx_HAL_Driver/Src/stm32g0xx_hal_rtc.o
 .debug_aranges
                0x0000000000000b20      0x3e0 Drivers/STM32G0xx_HAL_Driver/Src/stm32g0xx_hal_tim.o
 .debug_aranges
                0x0000000000000f00      0x198 Drivers/STM32G0xx_HAL_Driver/Src/stm32g0xx_hal_tim_ex.o

.debug_ranges   0x0000000000000000      0xf70
 .debug_ranges  0x0000000000000000       0x90 Core/Src/display.o
 .debug_ranges  0x0000000000000090       0x18 Core/Src/keydecoder.o
 .debug_ranges  0x00000000000000a8      0x100 Core/Src/main.o
 .debug_ranges  0x00000000000001a8       0x30 Core/Src/misc.o
 .debug_ranges  0x00000000000001d8       0x30 Core/Src/station.o
 .debug_ranges  0x0000000000000208       0x48 Core/Src/stm32g0xx_hal_msp.o
 .debug_ranges  0x0000000000000250       0x70 Core/Src/stm32g0xx_it.o
 .debug_ranges  0x00000000000002c0       0x18 Core/Src/system_stm32g0xx.o
 .debug_ranges  0x00000000000002d8       0x20 Core/Startup/startup_stm32g070rbtx.o
 .debug_ranges  0x00000000000002f8       0xe8 Drivers/STM32G0xx_HAL_Driver/Src/stm32g0xx_hal.o
 .debug_ranges  0x00000000000003e0      0x1d8 Drivers/STM32G0xx_HAL_Driver/Src/stm32g0xx_hal_adc.o
 .debug_ranges  0x00000000000005b8       0xc8 Drivers/STM32G0xx_HAL_Driver/Src/stm32g0xx_hal_cortex.o
 .debug_ranges  0x0000000000000680       0x78 Drivers/STM32G0xx_HAL_Driver/Src/stm32g0xx_hal_flash.o
 .debug_ranges  0x00000000000006f8       0x78 Drivers/STM32G0xx_HAL_Driver/Src/stm32g0xx_hal_flash_ex.o
 .debug_ranges  0x0000000000000770       0x50 Drivers/STM32G0xx_HAL_Driver/Src/stm32g0xx_hal_gpio.o
 .debug_ranges  0x00000000000007c0       0x68 Drivers/STM32G0xx_HAL_Driver/Src/stm32g0xx_hal_pwr.o
 .debug_ranges  0x0000000000000828       0x88 Drivers/STM32G0xx_HAL_Driver/Src/stm32g0xx_hal_pwr_ex.o
 .debug_ranges  0x00000000000008b0       0x88 Drivers/STM32G0xx_HAL_Driver/Src/stm32g0xx_hal_rcc.o
 .debug_ranges  0x0000000000000938       0x30 Drivers/STM32G0xx_HAL_Driver/Src/stm32g0xx_hal_rcc_ex.o
 .debug_ranges  0x0000000000000968       0xb0 Drivers/STM32G0xx_HAL_Driver/Src/stm32g0xx_hal_rtc.o
 .debug_ranges  0x0000000000000a18      0x3d0 Drivers/STM32G0xx_HAL_Driver/Src/stm32g0xx_hal_tim.o
 .debug_ranges  0x0000000000000de8      0x188 Drivers/STM32G0xx_HAL_Driver/Src/stm32g0xx_hal_tim_ex.o

.debug_macro    0x0000000000000000    0x180e3
 .debug_macro   0x0000000000000000      0x324 Core/Src/display.o
 .debug_macro   0x0000000000000324      0xa7e Core/Src/display.o
 .debug_macro   0x0000000000000da2      0x123 Core/Src/display.o
 .debug_macro   0x0000000000000ec5       0x2e Core/Src/display.o
 .debug_macro   0x0000000000000ef3       0x28 Core/Src/display.o
 .debug_macro   0x0000000000000f1b       0x22 Core/Src/display.o
 .debug_macro   0x0000000000000f3d       0x8e Core/Src/display.o
 .debug_macro   0x0000000000000fcb       0x51 Core/Src/display.o
 .debug_macro   0x000000000000101c      0x103 Core/Src/display.o
 .debug_macro   0x000000000000111f       0x6a Core/Src/display.o
 .debug_macro   0x0000000000001189      0x1df Core/Src/display.o
 .debug_macro   0x0000000000001368       0x1c Core/Src/display.o
 .debug_macro   0x0000000000001384       0x22 Core/Src/display.o
 .debug_macro   0x00000000000013a6       0xd7 Core/Src/display.o
 .debug_macro   0x000000000000147d      0x4da Core/Src/display.o
 .debug_macro   0x0000000000001957      0x11f Core/Src/display.o
 .debug_macro   0x0000000000001a76     0xa4a0 Core/Src/display.o
 .debug_macro   0x000000000000bf16       0x3c Core/Src/display.o
 .debug_macro   0x000000000000bf52     0x34b5 Core/Src/display.o
 .debug_macro   0x000000000000f407      0x174 Core/Src/display.o
 .debug_macro   0x000000000000f57b       0x5c Core/Src/display.o
 .debug_macro   0x000000000000f5d7      0x485 Core/Src/display.o
 .debug_macro   0x000000000000fa5c      0xe2f Core/Src/display.o
 .debug_macro   0x000000000001088b      0x13e Core/Src/display.o
 .debug_macro   0x00000000000109c9      0x153 Core/Src/display.o
 .debug_macro   0x0000000000010b1c      0x13e Core/Src/display.o
 .debug_macro   0x0000000000010c5a      0x3a8 Core/Src/display.o
 .debug_macro   0x0000000000011002      0x280 Core/Src/display.o
 .debug_macro   0x0000000000011282      0x345 Core/Src/display.o
 .debug_macro   0x00000000000115c7      0x198 Core/Src/display.o
 .debug_macro   0x000000000001175f       0x43 Core/Src/display.o
 .debug_macro   0x00000000000117a2      0x1f1 Core/Src/display.o
 .debug_macro   0x0000000000011993      0x8a9 Core/Src/display.o
 .debug_macro   0x000000000001223c      0x5bb Core/Src/display.o
 .debug_macro   0x00000000000127f7       0x2e Core/Src/display.o
 .debug_macro   0x0000000000012825      0x1d7 Core/Src/display.o
 .debug_macro   0x00000000000129fc      0x2a3 Core/Src/display.o
 .debug_macro   0x0000000000012c9f       0x28 Core/Src/display.o
 .debug_macro   0x0000000000012cc7       0xcf Core/Src/display.o
 .debug_macro   0x0000000000012d96      0x118 Core/Src/display.o
 .debug_macro   0x0000000000012eae      0x10d Core/Src/display.o
 .debug_macro   0x0000000000012fbb      0x321 Core/Src/display.o
 .debug_macro   0x00000000000132dc      0x433 Core/Src/display.o
 .debug_macro   0x000000000001370f       0xeb Core/Src/display.o
 .debug_macro   0x00000000000137fa      0xa9f Core/Src/display.o
 .debug_macro   0x0000000000014299      0x124 Core/Src/display.o
 .debug_macro   0x00000000000143bd      0x43d Core/Src/display.o
 .debug_macro   0x00000000000147fa      0x209 Core/Src/display.o
 .debug_macro   0x0000000000014a03       0x52 Core/Src/display.o
 .debug_macro   0x0000000000014a55       0x18 Core/Src/display.o
 .debug_macro   0x0000000000014a6d       0x3c Core/Src/display.o
 .debug_macro   0x0000000000014aa9       0x34 Core/Src/display.o
 .debug_macro   0x0000000000014add       0x16 Core/Src/display.o
 .debug_macro   0x0000000000014af3       0x43 Core/Src/display.o
 .debug_macro   0x0000000000014b36       0x34 Core/Src/display.o
 .debug_macro   0x0000000000014b6a       0x10 Core/Src/display.o
 .debug_macro   0x0000000000014b7a       0x58 Core/Src/display.o
 .debug_macro   0x0000000000014bd2       0x71 Core/Src/display.o
 .debug_macro   0x0000000000014c43       0x1c Core/Src/display.o
 .debug_macro   0x0000000000014c5f      0x12a Core/Src/display.o
 .debug_macro   0x0000000000014d89      0x333 Core/Src/display.o
 .debug_macro   0x00000000000150bc       0x10 Core/Src/display.o
 .debug_macro   0x00000000000150cc       0x35 Core/Src/display.o
 .debug_macro   0x0000000000015101       0x20 Core/Src/display.o
 .debug_macro   0x0000000000015121       0x22 Core/Src/display.o
 .debug_macro   0x0000000000015143       0x16 Core/Src/display.o
 .debug_macro   0x0000000000015159       0x16 Core/Src/display.o
 .debug_macro   0x000000000001516f       0x29 Core/Src/display.o
 .debug_macro   0x0000000000015198      0x222 Core/Src/keydecoder.o
 .debug_macro   0x00000000000153ba      0x34b Core/Src/main.o
 .debug_macro   0x0000000000015705      0x203 Core/Src/main.o
 .debug_macro   0x0000000000015908      0x1a9 Core/Src/main.o
 .debug_macro   0x0000000000015ab1       0x16 Core/Src/main.o
 .debug_macro   0x0000000000015ac7      0x222 Core/Src/misc.o
 .debug_macro   0x0000000000015ce9      0x21d Core/Src/station.o
 .debug_macro   0x0000000000015f06      0x21b Core/Src/stm32g0xx_hal_msp.o
 .debug_macro   0x0000000000016121      0x225 Core/Src/stm32g0xx_it.o
 .debug_macro   0x0000000000016346      0x212 Core/Src/system_stm32g0xx.o
 .debug_macro   0x0000000000016558      0x22a Drivers/STM32G0xx_HAL_Driver/Src/stm32g0xx_hal.o
 .debug_macro   0x0000000000016782      0x230 Drivers/STM32G0xx_HAL_Driver/Src/stm32g0xx_hal_adc.o
 .debug_macro   0x00000000000169b2      0x20c Drivers/STM32G0xx_HAL_Driver/Src/stm32g0xx_hal_cortex.o
 .debug_macro   0x0000000000016bbe      0x20c Drivers/STM32G0xx_HAL_Driver/Src/stm32g0xx_hal_flash.o
 .debug_macro   0x0000000000016dca      0x20c Drivers/STM32G0xx_HAL_Driver/Src/stm32g0xx_hal_flash_ex.o
 .debug_macro   0x0000000000016fd6      0x244 Drivers/STM32G0xx_HAL_Driver/Src/stm32g0xx_hal_gpio.o
 .debug_macro   0x000000000001721a      0x20c Drivers/STM32G0xx_HAL_Driver/Src/stm32g0xx_hal_pwr.o
 .debug_macro   0x0000000000017426      0x21e Drivers/STM32G0xx_HAL_Driver/Src/stm32g0xx_hal_pwr_ex.o
 .debug_macro   0x0000000000017644      0x248 Drivers/STM32G0xx_HAL_Driver/Src/stm32g0xx_hal_rcc.o
 .debug_macro   0x000000000001788c      0x224 Drivers/STM32G0xx_HAL_Driver/Src/stm32g0xx_hal_rcc_ex.o
 .debug_macro   0x0000000000017ab0      0x20d Drivers/STM32G0xx_HAL_Driver/Src/stm32g0xx_hal_rtc.o
 .debug_macro   0x0000000000017cbd      0x214 Drivers/STM32G0xx_HAL_Driver/Src/stm32g0xx_hal_tim.o
 .debug_macro   0x0000000000017ed1      0x212 Drivers/STM32G0xx_HAL_Driver/Src/stm32g0xx_hal_tim_ex.o

.debug_line     0x0000000000000000    0x13f9b
 .debug_line    0x0000000000000000      0xbe8 Core/Src/display.o
 .debug_line    0x0000000000000be8      0x7b0 Core/Src/keydecoder.o
 .debug_line    0x0000000000001398     0x180a Core/Src/main.o
 .debug_line    0x0000000000002ba2      0x888 Core/Src/misc.o
 .debug_line    0x000000000000342a      0x976 Core/Src/station.o
 .debug_line    0x0000000000003da0      0x96b Core/Src/stm32g0xx_hal_msp.o
 .debug_line    0x000000000000470b      0x8a2 Core/Src/stm32g0xx_it.o
 .debug_line    0x0000000000004fad      0x7f5 Core/Src/system_stm32g0xx.o
 .debug_line    0x00000000000057a2       0x89 Core/Startup/startup_stm32g070rbtx.o
 .debug_line    0x000000000000582b      0xa90 Drivers/STM32G0xx_HAL_Driver/Src/stm32g0xx_hal.o
 .debug_line    0x00000000000062bb     0x1883 Drivers/STM32G0xx_HAL_Driver/Src/stm32g0xx_hal_adc.o
 .debug_line    0x0000000000007b3e      0xba4 Drivers/STM32G0xx_HAL_Driver/Src/stm32g0xx_hal_cortex.o
 .debug_line    0x00000000000086e2      0xab4 Drivers/STM32G0xx_HAL_Driver/Src/stm32g0xx_hal_flash.o
 .debug_line    0x0000000000009196      0xab1 Drivers/STM32G0xx_HAL_Driver/Src/stm32g0xx_hal_flash_ex.o
 .debug_line    0x0000000000009c47      0xb9a Drivers/STM32G0xx_HAL_Driver/Src/stm32g0xx_hal_gpio.o
 .debug_line    0x000000000000a7e1      0x8cf Drivers/STM32G0xx_HAL_Driver/Src/stm32g0xx_hal_pwr.o
 .debug_line    0x000000000000b0b0      0x9b2 Drivers/STM32G0xx_HAL_Driver/Src/stm32g0xx_hal_pwr_ex.o
 .debug_line    0x000000000000ba62      0xf1e Drivers/STM32G0xx_HAL_Driver/Src/stm32g0xx_hal_rcc.o
 .debug_line    0x000000000000c980      0xb5c Drivers/STM32G0xx_HAL_Driver/Src/stm32g0xx_hal_rcc_ex.o
 .debug_line    0x000000000000d4dc     0x110e Drivers/STM32G0xx_HAL_Driver/Src/stm32g0xx_hal_rtc.o
 .debug_line    0x000000000000e5ea     0x3b91 Drivers/STM32G0xx_HAL_Driver/Src/stm32g0xx_hal_tim.o
 .debug_line    0x000000000001217b     0x1e20 Drivers/STM32G0xx_HAL_Driver/Src/stm32g0xx_hal_tim_ex.o

.debug_str      0x0000000000000000    0x978e6
 .debug_str     0x0000000000000000    0x92731 Core/Src/display.o
                                      0x92e73 (size before relaxing)
 .debug_str     0x0000000000092731       0x36 Core/Src/keydecoder.o
                                      0x8fad7 (size before relaxing)
 .debug_str     0x0000000000092767     0x1969 Core/Src/main.o
                                      0x948a3 (size before relaxing)
 .debug_str     0x00000000000940d0       0x74 Core/Src/misc.o
                                      0x8fb43 (size before relaxing)
 .debug_str     0x0000000000094144      0x106 Core/Src/station.o
                                      0x8fbea (size before relaxing)
 .debug_str     0x000000000009424a      0x264 Core/Src/stm32g0xx_hal_msp.o
                                      0x906f6 (size before relaxing)
 .debug_str     0x00000000000944ae      0x10b Core/Src/stm32g0xx_it.o
                                      0x900e8 (size before relaxing)
 .debug_str     0x00000000000945b9       0x97 Core/Src/system_stm32g0xx.o
                                      0x8f33b (size before relaxing)
 .debug_str     0x0000000000094650       0x36 Core/Startup/startup_stm32g070rbtx.o
                                         0x85 (size before relaxing)
 .debug_str     0x0000000000094686      0x39b Drivers/STM32G0xx_HAL_Driver/Src/stm32g0xx_hal.o
                                      0x8f909 (size before relaxing)
 .debug_str     0x0000000000094a21      0x81c Drivers/STM32G0xx_HAL_Driver/Src/stm32g0xx_hal_adc.o
                                      0x8ffa7 (size before relaxing)
 .debug_str     0x000000000009523d      0x281 Drivers/STM32G0xx_HAL_Driver/Src/stm32g0xx_hal_cortex.o
                                      0x8f771 (size before relaxing)
 .debug_str     0x00000000000954be      0x1d3 Drivers/STM32G0xx_HAL_Driver/Src/stm32g0xx_hal_flash.o
                                      0x8f497 (size before relaxing)
 .debug_str     0x0000000000095691      0x20b Drivers/STM32G0xx_HAL_Driver/Src/stm32g0xx_hal_flash_ex.o
                                      0x8f4c1 (size before relaxing)
 .debug_str     0x000000000009589c      0x23b Drivers/STM32G0xx_HAL_Driver/Src/stm32g0xx_hal_gpio.o
                                      0x8f51d (size before relaxing)
 .debug_str     0x0000000000095ad7      0x1d1 Drivers/STM32G0xx_HAL_Driver/Src/stm32g0xx_hal_pwr.o
                                      0x8f4cf (size before relaxing)
 .debug_str     0x0000000000095ca8      0x1e9 Drivers/STM32G0xx_HAL_Driver/Src/stm32g0xx_hal_pwr_ex.o
                                      0x8f571 (size before relaxing)
 .debug_str     0x0000000000095e91      0x360 Drivers/STM32G0xx_HAL_Driver/Src/stm32g0xx_hal_rcc.o
                                      0x8f8a3 (size before relaxing)
 .debug_str     0x00000000000961f1      0x162 Drivers/STM32G0xx_HAL_Driver/Src/stm32g0xx_hal_rcc_ex.o
                                      0x8f604 (size before relaxing)
 .debug_str     0x0000000000096353      0x233 Drivers/STM32G0xx_HAL_Driver/Src/stm32g0xx_hal_rtc.o
                                      0x8f72d (size before relaxing)
 .debug_str     0x0000000000096586      0xda8 Drivers/STM32G0xx_HAL_Driver/Src/stm32g0xx_hal_tim.o
                                      0x9077f (size before relaxing)
 .debug_str     0x000000000009732e      0x5b8 Drivers/STM32G0xx_HAL_Driver/Src/stm32g0xx_hal_tim_ex.o
                                      0x900ef (size before relaxing)

.comment        0x0000000000000000       0x53
 .comment       0x0000000000000000       0x53 Core/Src/display.o
                                         0x54 (size before relaxing)
 .comment       0x0000000000000053       0x54 Core/Src/keydecoder.o
 .comment       0x0000000000000053       0x54 Core/Src/main.o
 .comment       0x0000000000000053       0x54 Core/Src/misc.o
 .comment       0x0000000000000053       0x54 Core/Src/station.o
 .comment       0x0000000000000053       0x54 Core/Src/stm32g0xx_hal_msp.o
 .comment       0x0000000000000053       0x54 Core/Src/stm32g0xx_it.o
 .comment       0x0000000000000053       0x54 Core/Src/system_stm32g0xx.o
 .comment       0x0000000000000053       0x54 Drivers/STM32G0xx_HAL_Driver/Src/stm32g0xx_hal.o
 .comment       0x0000000000000053       0x54 Drivers/STM32G0xx_HAL_Driver/Src/stm32g0xx_hal_adc.o
 .comment       0x0000000000000053       0x54 Drivers/STM32G0xx_HAL_Driver/Src/stm32g0xx_hal_cortex.o
 .comment       0x0000000000000053       0x54 Drivers/STM32G0xx_HAL_Driver/Src/stm32g0xx_hal_flash.o
 .comment       0x0000000000000053       0x54 Drivers/STM32G0xx_HAL_Driver/Src/stm32g0xx_hal_flash_ex.o
 .comment       0x0000000000000053       0x54 Drivers/STM32G0xx_HAL_Driver/Src/stm32g0xx_hal_gpio.o
 .comment       0x0000000000000053       0x54 Drivers/STM32G0xx_HAL_Driver/Src/stm32g0xx_hal_pwr.o
 .comment       0x0000000000000053       0x54 Drivers/STM32G0xx_HAL_Driver/Src/stm32g0xx_hal_pwr_ex.o
 .comment       0x0000000000000053       0x54 Drivers/STM32G0xx_HAL_Driver/Src/stm32g0xx_hal_rcc.o
 .comment       0x0000000000000053       0x54 Drivers/STM32G0xx_HAL_Driver/Src/stm32g0xx_hal_rcc_ex.o
 .comment       0x0000000000000053       0x54 Drivers/STM32G0xx_HAL_Driver/Src/stm32g0xx_hal_rtc.o
 .comment       0x0000000000000053       0x54 Drivers/STM32G0xx_HAL_Driver/Src/stm32g0xx_hal_tim.o
 .comment       0x0000000000000053       0x54 Drivers/STM32G0xx_HAL_Driver/Src/stm32g0xx_hal_tim_ex.o

.debug_frame    0x0000000000000000     0x3da8
 .debug_frame   0x0000000000000000      0x22c Core/Src/display.o
 .debug_frame   0x000000000000022c       0x50 Core/Src/keydecoder.o
 .debug_frame   0x000000000000027c      0x31c Core/Src/main.o
 .debug_frame   0x0000000000000598       0xa8 Core/Src/misc.o
 .debug_frame   0x0000000000000640       0xb8 Core/Src/station.o
 .debug_frame   0x00000000000006f8      0x110 Core/Src/stm32g0xx_hal_msp.o
 .debug_frame   0x0000000000000808      0x17c Core/Src/stm32g0xx_it.o
 .debug_frame   0x0000000000000984       0x4c Core/Src/system_stm32g0xx.o
 .debug_frame   0x00000000000009d0      0x340 Drivers/STM32G0xx_HAL_Driver/Src/stm32g0xx_hal.o
 .debug_frame   0x0000000000000d10      0x76c Drivers/STM32G0xx_HAL_Driver/Src/stm32g0xx_hal_adc.o
 .debug_frame   0x000000000000147c      0x2fc Drivers/STM32G0xx_HAL_Driver/Src/stm32g0xx_hal_cortex.o
 .debug_frame   0x0000000000001778      0x1d4 Drivers/STM32G0xx_HAL_Driver/Src/stm32g0xx_hal_flash.o
 .debug_frame   0x000000000000194c      0x1d4 Drivers/STM32G0xx_HAL_Driver/Src/stm32g0xx_hal_flash_ex.o
 .debug_frame   0x0000000000001b20      0x130 Drivers/STM32G0xx_HAL_Driver/Src/stm32g0xx_hal_gpio.o
 .debug_frame   0x0000000000001c50      0x170 Drivers/STM32G0xx_HAL_Driver/Src/stm32g0xx_hal_pwr.o
 .debug_frame   0x0000000000001dc0      0x1f4 Drivers/STM32G0xx_HAL_Driver/Src/stm32g0xx_hal_pwr_ex.o
 .debug_frame   0x0000000000001fb4      0x1f4 Drivers/STM32G0xx_HAL_Driver/Src/stm32g0xx_hal_rcc.o
 .debug_frame   0x00000000000021a8       0xb0 Drivers/STM32G0xx_HAL_Driver/Src/stm32g0xx_hal_rcc_ex.o
 .debug_frame   0x0000000000002258      0x2c0 Drivers/STM32G0xx_HAL_Driver/Src/stm32g0xx_hal_rtc.o
 .debug_frame   0x0000000000002518      0xf38 Drivers/STM32G0xx_HAL_Driver/Src/stm32g0xx_hal_tim.o
 .debug_frame   0x0000000000003450      0x618 Drivers/STM32G0xx_HAL_Driver/Src/stm32g0xx_hal_tim_ex.o
 .debug_frame   0x0000000000003a68       0x20 c:/program files/stm32cubeide_1.6.1/stm32cubeide/plugins/com.st.stm32cube.ide.mcu.externaltools.gnu-tools-for-stm32.9-2020-q2-update.win32_1.5.0.202011040924/tools/bin/../lib/gcc/arm-none-eabi/9.3.1/../../../../arm-none-eabi/lib/thumb/v6-m/nofp\libc_nano.a(lib_a-errno.o)